Archive member included because of file (symbol)

c:/siliconlabs/simplicitystudio/v4/developer/toolchains/gnu_arm/4.9_2015q3/bin/../lib/gcc/arm-none-eabi/4.9.3/armv6-m\libgcc.a(_thumb1_case_uqi.o)
                              ./emlib/em_cmu.o (__gnu_thumb1_case_uqi)
c:/siliconlabs/simplicitystudio/v4/developer/toolchains/gnu_arm/4.9_2015q3/bin/../lib/gcc/arm-none-eabi/4.9.3/armv6-m\libgcc.a(_udivsi3.o)
                              ./Drivers/displaypalemlib.o (__aeabi_uidiv)
c:/siliconlabs/simplicitystudio/v4/developer/toolchains/gnu_arm/4.9_2015q3/bin/../lib/gcc/arm-none-eabi/4.9.3/armv6-m\libgcc.a(_divsi3.o)
                              ./src/disp.o (__aeabi_idiv)
c:/siliconlabs/simplicitystudio/v4/developer/toolchains/gnu_arm/4.9_2015q3/bin/../lib/gcc/arm-none-eabi/4.9.3/armv6-m\libgcc.a(_dvmd_tls.o)
                              c:/siliconlabs/simplicitystudio/v4/developer/toolchains/gnu_arm/4.9_2015q3/bin/../lib/gcc/arm-none-eabi/4.9.3/armv6-m\libgcc.a(_udivsi3.o) (__aeabi_idiv0)
c:/siliconlabs/simplicitystudio/v4/developer/toolchains/gnu_arm/4.9_2015q3/bin/../lib/gcc/arm-none-eabi/4.9.3/armv6-m\libgcc.a(_clzsi2.o)
                              ./emlib/em_cmu.o (__clzsi2)
c:/siliconlabs/simplicitystudio/v4/developer/toolchains/gnu_arm/4.9_2015q3/bin/../lib/gcc/arm-none-eabi/4.9.3/armv6-m\libgcc.a(_aeabi_uldivmod.o)
                              ./emlib/em_usart.o (__aeabi_uldivmod)
c:/siliconlabs/simplicitystudio/v4/developer/toolchains/gnu_arm/4.9_2015q3/bin/../lib/gcc/arm-none-eabi/4.9.3/armv6-m\libgcc.a(_muldi3.o)
                              ./emlib/em_usart.o (__aeabi_lmul)
c:/siliconlabs/simplicitystudio/v4/developer/toolchains/gnu_arm/4.9_2015q3/bin/../lib/gcc/arm-none-eabi/4.9.3/armv6-m\libgcc.a(bpabi.o)
                              c:/siliconlabs/simplicitystudio/v4/developer/toolchains/gnu_arm/4.9_2015q3/bin/../lib/gcc/arm-none-eabi/4.9.3/armv6-m\libgcc.a(_aeabi_uldivmod.o) (__gnu_uldivmod_helper)
c:/siliconlabs/simplicitystudio/v4/developer/toolchains/gnu_arm/4.9_2015q3/bin/../lib/gcc/arm-none-eabi/4.9.3/armv6-m\libgcc.a(divsf3.o)
                              ./src/main.o (__aeabi_fdiv)
c:/siliconlabs/simplicitystudio/v4/developer/toolchains/gnu_arm/4.9_2015q3/bin/../lib/gcc/arm-none-eabi/4.9.3/armv6-m\libgcc.a(mulsf3.o)
                              ./src/disp.o (__aeabi_fmul)
c:/siliconlabs/simplicitystudio/v4/developer/toolchains/gnu_arm/4.9_2015q3/bin/../lib/gcc/arm-none-eabi/4.9.3/armv6-m\libgcc.a(subsf3.o)
                              ./src/main.o (__aeabi_fsub)
c:/siliconlabs/simplicitystudio/v4/developer/toolchains/gnu_arm/4.9_2015q3/bin/../lib/gcc/arm-none-eabi/4.9.3/armv6-m\libgcc.a(fixsfsi.o)
                              ./src/disp.o (__aeabi_f2iz)
c:/siliconlabs/simplicitystudio/v4/developer/toolchains/gnu_arm/4.9_2015q3/bin/../lib/gcc/arm-none-eabi/4.9.3/armv6-m\libgcc.a(floatunsisf.o)
                              ./src/main.o (__aeabi_ui2f)
c:/siliconlabs/simplicitystudio/v4/developer/toolchains/gnu_arm/4.9_2015q3/bin/../lib/gcc/arm-none-eabi/4.9.3/armv6-m\libgcc.a(_divdi3.o)
                              c:/siliconlabs/simplicitystudio/v4/developer/toolchains/gnu_arm/4.9_2015q3/bin/../lib/gcc/arm-none-eabi/4.9.3/armv6-m\libgcc.a(bpabi.o) (__divdi3)
c:/siliconlabs/simplicitystudio/v4/developer/toolchains/gnu_arm/4.9_2015q3/bin/../lib/gcc/arm-none-eabi/4.9.3/armv6-m\libgcc.a(_udivdi3.o)
                              c:/siliconlabs/simplicitystudio/v4/developer/toolchains/gnu_arm/4.9_2015q3/bin/../lib/gcc/arm-none-eabi/4.9.3/armv6-m\libgcc.a(bpabi.o) (__udivdi3)
c:/siliconlabs/simplicitystudio/v4/developer/toolchains/gnu_arm/4.9_2015q3/bin/../lib/gcc/arm-none-eabi/4.9.3/armv6-m\libgcc.a(_clzdi2.o)
                              c:/siliconlabs/simplicitystudio/v4/developer/toolchains/gnu_arm/4.9_2015q3/bin/../lib/gcc/arm-none-eabi/4.9.3/armv6-m\libgcc.a(_divdi3.o) (__clzdi2)
c:/siliconlabs/simplicitystudio/v4/developer/toolchains/gnu_arm/4.9_2015q3/bin/../lib/gcc/arm-none-eabi/4.9.3/../../../../arm-none-eabi/lib/armv6-m\libc_nano.a(lib_a-exit.o)
                              c:/siliconlabs/simplicitystudio/v4/developer/toolchains/gnu_arm/4.9_2015q3/bin/../lib/gcc/arm-none-eabi/4.9.3/../../../../arm-none-eabi/lib/armv6-m/crt0.o (exit)
c:/siliconlabs/simplicitystudio/v4/developer/toolchains/gnu_arm/4.9_2015q3/bin/../lib/gcc/arm-none-eabi/4.9.3/../../../../arm-none-eabi/lib/armv6-m\libc_nano.a(lib_a-impure.o)
                              c:/siliconlabs/simplicitystudio/v4/developer/toolchains/gnu_arm/4.9_2015q3/bin/../lib/gcc/arm-none-eabi/4.9.3/../../../../arm-none-eabi/lib/armv6-m\libc_nano.a(lib_a-exit.o) (_global_impure_ptr)
c:/siliconlabs/simplicitystudio/v4/developer/toolchains/gnu_arm/4.9_2015q3/bin/../lib/gcc/arm-none-eabi/4.9.3/../../../../arm-none-eabi/lib/armv6-m\libc_nano.a(lib_a-init.o)
                              c:/siliconlabs/simplicitystudio/v4/developer/toolchains/gnu_arm/4.9_2015q3/bin/../lib/gcc/arm-none-eabi/4.9.3/../../../../arm-none-eabi/lib/armv6-m/crt0.o (__libc_init_array)
c:/siliconlabs/simplicitystudio/v4/developer/toolchains/gnu_arm/4.9_2015q3/bin/../lib/gcc/arm-none-eabi/4.9.3/../../../../arm-none-eabi/lib/armv6-m\libc_nano.a(lib_a-memcpy.o)
                              ./Drivers/display.o (memcpy)
c:/siliconlabs/simplicitystudio/v4/developer/toolchains/gnu_arm/4.9_2015q3/bin/../lib/gcc/arm-none-eabi/4.9.3/../../../../arm-none-eabi/lib/armv6-m\libc_nano.a(lib_a-memset.o)
                              c:/siliconlabs/simplicitystudio/v4/developer/toolchains/gnu_arm/4.9_2015q3/bin/../lib/gcc/arm-none-eabi/4.9.3/../../../../arm-none-eabi/lib/armv6-m/crt0.o (memset)
c:/siliconlabs/simplicitystudio/v4/developer/toolchains/gnu_arm/4.9_2015q3/bin/../lib/gcc/arm-none-eabi/4.9.3/../../../../arm-none-eabi/lib/armv6-m\libc_nano.a(lib_a-strcpy.o)
                              ./src/disp.o (strcpy)
c:/siliconlabs/simplicitystudio/v4/developer/toolchains/gnu_arm/4.9_2015q3/bin/../lib/gcc/arm-none-eabi/4.9.3/../../../../arm-none-eabi/lib/armv6-m\libc_nano.a(lib_a-strlen.o)
                              ./src/disp.o (strlen)
c:/siliconlabs/simplicitystudio/v4/developer/toolchains/gnu_arm/4.9_2015q3/bin/../lib/gcc/arm-none-eabi/4.9.3/../../../../arm-none-eabi/lib/armv6-m\libnosys.a(_exit.o)
                              c:/siliconlabs/simplicitystudio/v4/developer/toolchains/gnu_arm/4.9_2015q3/bin/../lib/gcc/arm-none-eabi/4.9.3/../../../../arm-none-eabi/lib/armv6-m\libc_nano.a(lib_a-exit.o) (_exit)

Allocating common symbols
Common symbol       size              file

dirtyRows           0x10              ./Graphics/dmd_display.o
SystemCoreClock     0x4               ./CMSIS/EFM32ZG/system_efm32zg.o

Discarded input sections

 .text          0x00000000        0x0 c:/siliconlabs/simplicitystudio/v4/developer/toolchains/gnu_arm/4.9_2015q3/bin/../lib/gcc/arm-none-eabi/4.9.3/armv6-m/crti.o
 .data          0x00000000        0x0 c:/siliconlabs/simplicitystudio/v4/developer/toolchains/gnu_arm/4.9_2015q3/bin/../lib/gcc/arm-none-eabi/4.9.3/armv6-m/crti.o
 .bss           0x00000000        0x0 c:/siliconlabs/simplicitystudio/v4/developer/toolchains/gnu_arm/4.9_2015q3/bin/../lib/gcc/arm-none-eabi/4.9.3/armv6-m/crti.o
 .data          0x00000000        0x4 c:/siliconlabs/simplicitystudio/v4/developer/toolchains/gnu_arm/4.9_2015q3/bin/../lib/gcc/arm-none-eabi/4.9.3/armv6-m/crtbegin.o
 .data          0x00000000        0x0 c:/siliconlabs/simplicitystudio/v4/developer/toolchains/gnu_arm/4.9_2015q3/bin/../lib/gcc/arm-none-eabi/4.9.3/../../../../arm-none-eabi/lib/armv6-m/crt0.o
 .bss           0x00000000        0x0 c:/siliconlabs/simplicitystudio/v4/developer/toolchains/gnu_arm/4.9_2015q3/bin/../lib/gcc/arm-none-eabi/4.9.3/../../../../arm-none-eabi/lib/armv6-m/crt0.o
 .ARM.extab     0x00000000        0x0 c:/siliconlabs/simplicitystudio/v4/developer/toolchains/gnu_arm/4.9_2015q3/bin/../lib/gcc/arm-none-eabi/4.9.3/../../../../arm-none-eabi/lib/armv6-m/crt0.o
 .data          0x00000000        0x0 ./CMSIS/EFM32ZG/startup_gcc_efm32zg.o
 .bss           0x00000000        0x0 ./CMSIS/EFM32ZG/startup_gcc_efm32zg.o
 .text          0x00000000        0x0 ./CMSIS/EFM32ZG/system_efm32zg.o
 .data          0x00000000        0x0 ./CMSIS/EFM32ZG/system_efm32zg.o
 .bss           0x00000000        0x0 ./CMSIS/EFM32ZG/system_efm32zg.o
 .text.SystemHFXOClockGet
                0x00000000        0xc ./CMSIS/EFM32ZG/system_efm32zg.o
 .text.SystemHFXOClockSet
                0x00000000       0x1c ./CMSIS/EFM32ZG/system_efm32zg.o
 .text.SystemLFXOClockSet
                0x00000000       0x1c ./CMSIS/EFM32ZG/system_efm32zg.o
 .text          0x00000000        0x0 ./Drivers/display.o
 .data          0x00000000        0x0 ./Drivers/display.o
 .bss           0x00000000        0x0 ./Drivers/display.o
 .text.DISPLAY_DriverRefresh
                0x00000000       0x48 ./Drivers/display.o
 .text          0x00000000        0x0 ./Drivers/displayls013b7dh03.o
 .data          0x00000000        0x0 ./Drivers/displayls013b7dh03.o
 .bss           0x00000000        0x0 ./Drivers/displayls013b7dh03.o
 .text          0x00000000        0x0 ./Drivers/displaypalemlib.o
 .data          0x00000000        0x0 ./Drivers/displaypalemlib.o
 .bss           0x00000000        0x0 ./Drivers/displaypalemlib.o
 .text.PAL_SpiShutdown
                0x00000000       0x20 ./Drivers/displaypalemlib.o
 .text.PAL_TimerShutdown
                0x00000000        0x4 ./Drivers/displaypalemlib.o
 .text.PAL_GpioShutdown
                0x00000000       0x14 ./Drivers/displaypalemlib.o
 .text.PAL_GpioPinOutToggle
                0x00000000       0x1c ./Drivers/displaypalemlib.o
 .text          0x00000000        0x0 ./Drivers/udelay.o
 .data          0x00000000        0x0 ./Drivers/udelay.o
 .bss           0x00000000        0x0 ./Drivers/udelay.o
 .text          0x00000000        0x0 ./Graphics/dmd_display.o
 .data          0x00000000        0x0 ./Graphics/dmd_display.o
 .bss           0x00000000        0x0 ./Graphics/dmd_display.o
 .text.DMD_writeData
                0x00000000      0x178 ./Graphics/dmd_display.o
 .text.DMD_readData
                0x00000000        0x4 ./Graphics/dmd_display.o
 .text.DMD_sleep
                0x00000000       0x10 ./Graphics/dmd_display.o
 .text.DMD_wakeUp
                0x00000000       0x10 ./Graphics/dmd_display.o
 .text.DMD_flipDisplay
                0x00000000        0x4 ./Graphics/dmd_display.o
 .text.DMD_freeFramebuffer
                0x00000000       0x10 ./Graphics/dmd_display.o
 .text.DMD_selectFramebuffer
                0x00000000       0x24 ./Graphics/dmd_display.o
 .text.DMD_copyFramebuffer
                0x00000000       0x34 ./Graphics/dmd_display.o
 .text          0x00000000        0x0 ./Graphics/glib.o
 .data          0x00000000        0x0 ./Graphics/glib.o
 .bss           0x00000000        0x0 ./Graphics/glib.o
 .text.GLIB_displayWakeUp
                0x00000000        0x8 ./Graphics/glib.o
 .text.GLIB_displaySleep
                0x00000000        0x8 ./Graphics/glib.o
 .text.GLIB_resetClippingRegion
                0x00000000       0x28 ./Graphics/glib.o
 .text.GLIB_colorTranslate24bpp
                0x00000000        0xe ./Graphics/glib.o
 .text.GLIB_rgbColor
                0x00000000        0xa ./Graphics/glib.o
 .text.GLIB_drawPixelRGB
                0x00000000       0x3e ./Graphics/glib.o
 .text          0x00000000        0x0 ./Graphics/glib_font_narrow_6x8.o
 .data          0x00000000        0x0 ./Graphics/glib_font_narrow_6x8.o
 .bss           0x00000000        0x0 ./Graphics/glib_font_narrow_6x8.o
 .text          0x00000000        0x0 ./Graphics/glib_font_normal_8x8.o
 .data          0x00000000        0x0 ./Graphics/glib_font_normal_8x8.o
 .bss           0x00000000        0x0 ./Graphics/glib_font_normal_8x8.o
 .text          0x00000000        0x0 ./Graphics/glib_rectangle.o
 .data          0x00000000        0x0 ./Graphics/glib_rectangle.o
 .bss           0x00000000        0x0 ./Graphics/glib_rectangle.o
 .text.GLIB_normalizeRect
                0x00000000       0x1a ./Graphics/glib_rectangle.o
 .text.GLIB_drawRect
                0x00000000       0x8c ./Graphics/glib_rectangle.o
 .text.GLIB_drawRectFilled
                0x00000000       0xb0 ./Graphics/glib_rectangle.o
 .text          0x00000000        0x0 ./Graphics/glib_string.o
 .data          0x00000000        0x0 ./Graphics/glib_string.o
 .bss           0x00000000        0x0 ./Graphics/glib_string.o
 .text          0x00000000        0x0 ./emlib/em_assert.o
 .data          0x00000000        0x0 ./emlib/em_assert.o
 .bss           0x00000000        0x0 ./emlib/em_assert.o
 .debug_line    0x00000000        0x0 ./emlib/em_assert.o
 .debug_str     0x00000000      0x11b ./emlib/em_assert.o
 .comment       0x00000000       0x71 ./emlib/em_assert.o
 .ARM.attributes
                0x00000000       0x32 ./emlib/em_assert.o
 .text          0x00000000        0x0 ./emlib/em_cmu.o
 .data          0x00000000        0x0 ./emlib/em_cmu.o
 .bss           0x00000000        0x0 ./emlib/em_cmu.o
 .text.CMU_AUXHFRCOBandGet
                0x00000000       0x10 ./emlib/em_cmu.o
 .text.CMU_AUXHFRCOBandSet
                0x00000000       0x54 ./emlib/em_cmu.o
 .text.CMU_Calibrate
                0x00000000       0x48 ./emlib/em_cmu.o
 .text.CMU_CalibrateConfig
                0x00000000       0x5c ./emlib/em_cmu.o
 .text.CMU_CalibrateCountGet
                0x00000000       0x24 ./emlib/em_cmu.o
 .text.CMU_FreezeEnable
                0x00000000       0x1c ./emlib/em_cmu.o
 .text.CMU_HFRCOBandGet
                0x00000000       0x10 ./emlib/em_cmu.o
 .text.CMU_HFRCOBandSet
                0x00000000       0x64 ./emlib/em_cmu.o
 .text.CMU_HFRCOStartupDelayGet
                0x00000000       0x10 ./emlib/em_cmu.o
 .text.CMU_HFRCOStartupDelaySet
                0x00000000       0x20 ./emlib/em_cmu.o
 .text.CMU_HFXOInit
                0x00000000       0x40 ./emlib/em_cmu.o
 .text.CMU_LCDClkFDIVGet
                0x00000000        0x4 ./emlib/em_cmu.o
 .text.CMU_LCDClkFDIVSet
                0x00000000        0x2 ./emlib/em_cmu.o
 .text.CMU_LFXOInit
                0x00000000       0x40 ./emlib/em_cmu.o
 .text.CMU_OscillatorTuningGet
                0x00000000       0x2c ./emlib/em_cmu.o
 .text.CMU_OscillatorTuningSet
                0x00000000       0x40 ./emlib/em_cmu.o
 .text.CMU_PCNTClockExternalGet
                0x00000000       0x1c ./emlib/em_cmu.o
 .text.CMU_PCNTClockExternalSet
                0x00000000       0x1c ./emlib/em_cmu.o
 .text          0x00000000        0x0 ./emlib/em_emu.o
 .data          0x00000000        0x0 ./emlib/em_emu.o
 .bss           0x00000000        0x0 ./emlib/em_emu.o
 .text.emuRestore
                0x00000000       0x94 ./emlib/em_emu.o
 .text.EMU_EnterEM2
                0x00000000       0x38 ./emlib/em_emu.o
 .text.EMU_EnterEM3
                0x00000000       0x58 ./emlib/em_emu.o
 .text.EMU_EnterEM4
                0x00000000       0x30 ./emlib/em_emu.o
 .text.EMU_MemPwrDown
                0x00000000        0x2 ./emlib/em_emu.o
 .text.EMU_EM23Init
                0x00000000       0x1c ./emlib/em_emu.o
 .text          0x00000000        0x0 ./emlib/em_gpio.o
 .data          0x00000000        0x0 ./emlib/em_gpio.o
 .bss           0x00000000        0x0 ./emlib/em_gpio.o
 .text.GPIO_DbgLocationSet
                0x00000000        0x2 ./emlib/em_gpio.o
 .text.GPIO_DriveModeSet
                0x00000000       0x18 ./emlib/em_gpio.o
 .text.GPIO_PinModeGet
                0x00000000       0x28 ./emlib/em_gpio.o
 .text.GPIO_EM4EnablePinWakeup
                0x00000000       0x28 ./emlib/em_gpio.o
 .text          0x00000000        0x0 ./emlib/em_int.o
 .data          0x00000000        0x0 ./emlib/em_int.o
 .bss           0x00000000        0x0 ./emlib/em_int.o
 .text          0x00000000        0x0 ./emlib/em_pcnt.o
 .data          0x00000000        0x0 ./emlib/em_pcnt.o
 .bss           0x00000000        0x0 ./emlib/em_pcnt.o
 .text.PCNT_Sync
                0x00000000        0xe ./emlib/em_pcnt.o
 .text.PCNT_CounterReset
                0x00000000       0x12 ./emlib/em_pcnt.o
 .text.PCNT_CounterTopSet
                0x00000000       0x72 ./emlib/em_pcnt.o
 .text.PCNT_Enable
                0x00000000       0x16 ./emlib/em_pcnt.o
 .text.PCNT_PRSInputEnable
                0x00000000       0x24 ./emlib/em_pcnt.o
 .text.PCNT_FreezeEnable
                0x00000000       0x14 ./emlib/em_pcnt.o
 .text.PCNT_Init
                0x00000000       0xf0 ./emlib/em_pcnt.o
 .text.PCNT_TCCConfiguration
                0x00000000       0x70 ./emlib/em_pcnt.o
 .text.PCNT_TopBufferSet
                0x00000000       0x10 ./emlib/em_pcnt.o
 .text.PCNT_Reset
                0x00000000       0x40 ./emlib/em_pcnt.o
 .text.PCNT_TopSet
                0x00000000       0x1c ./emlib/em_pcnt.o
 .debug_info    0x00000000      0xbb4 ./emlib/em_pcnt.o
 .debug_abbrev  0x00000000      0x311 ./emlib/em_pcnt.o
 .debug_loc     0x00000000      0x6f4 ./emlib/em_pcnt.o
 .debug_aranges
                0x00000000       0x70 ./emlib/em_pcnt.o
 .debug_ranges  0x00000000      0x120 ./emlib/em_pcnt.o
 .debug_line    0x00000000      0x421 ./emlib/em_pcnt.o
 .debug_str     0x00000000      0x5e2 ./emlib/em_pcnt.o
 .comment       0x00000000       0x71 ./emlib/em_pcnt.o
 .debug_frame   0x00000000      0x12c ./emlib/em_pcnt.o
 .ARM.attributes
                0x00000000       0x32 ./emlib/em_pcnt.o
 .text          0x00000000        0x0 ./emlib/em_prs.o
 .data          0x00000000        0x0 ./emlib/em_prs.o
 .bss           0x00000000        0x0 ./emlib/em_prs.o
 .text.PRS_SourceSignalSet
                0x00000000       0x20 ./emlib/em_prs.o
 .text          0x00000000        0x0 ./emlib/em_rtc.o
 .data          0x00000000        0x0 ./emlib/em_rtc.o
 .bss           0x00000000        0x0 ./emlib/em_rtc.o
 .text.RTC_CompareGet
                0x00000000       0x1c ./emlib/em_rtc.o
 .text.RTC_Reset
                0x00000000       0x18 ./emlib/em_rtc.o
 .text          0x00000000        0x0 ./emlib/em_system.o
 .data          0x00000000        0x0 ./emlib/em_system.o
 .bss           0x00000000        0x0 ./emlib/em_system.o
 .text.SYSTEM_ChipRevisionGet
                0x00000000       0x34 ./emlib/em_system.o
 .text.SYSTEM_GetCalibrationValue
                0x00000000       0x28 ./emlib/em_system.o
 .debug_info    0x00000000      0x25b ./emlib/em_system.o
 .debug_abbrev  0x00000000       0xde ./emlib/em_system.o
 .debug_loc     0x00000000       0xd9 ./emlib/em_system.o
 .debug_aranges
                0x00000000       0x28 ./emlib/em_system.o
 .debug_ranges  0x00000000       0x18 ./emlib/em_system.o
 .debug_line    0x00000000      0x251 ./emlib/em_system.o
 .debug_str     0x00000000      0x2c4 ./emlib/em_system.o
 .comment       0x00000000       0x71 ./emlib/em_system.o
 .debug_frame   0x00000000       0x38 ./emlib/em_system.o
 .ARM.attributes
                0x00000000       0x32 ./emlib/em_system.o
 .text          0x00000000        0x0 ./emlib/em_timer.o
 .data          0x00000000        0x0 ./emlib/em_timer.o
 .bss           0x00000000        0x0 ./emlib/em_timer.o
 .text.TIMER_InitCC
                0x00000000       0x58 ./emlib/em_timer.o
 .text.TIMER_Reset
                0x00000000       0x34 ./emlib/em_timer.o
 .text          0x00000000        0x0 ./emlib/em_usart.o
 .data          0x00000000        0x0 ./emlib/em_usart.o
 .bss           0x00000000        0x0 ./emlib/em_usart.o
 .text.USART_BaudrateAsyncSet
                0x00000000       0x64 ./emlib/em_usart.o
 .text.USART_BaudrateCalc
                0x00000000       0x6c ./emlib/em_usart.o
 .text.USART_BaudrateGet
                0x00000000       0x24 ./emlib/em_usart.o
 .text.USART_Enable
                0x00000000        0xc ./emlib/em_usart.o
 .text.USART_InitPrsTrigger
                0x00000000       0x2c ./emlib/em_usart.o
 .text.USART_InitAsync
                0x00000000       0x46 ./emlib/em_usart.o
 .text.USARTn_InitIrDA
                0x00000000       0x46 ./emlib/em_usart.o
 .text.USART_InitI2s
                0x00000000       0x4a ./emlib/em_usart.o
 .text.USART_Rx
                0x00000000        0xc ./emlib/em_usart.o
 .text.USART_RxDouble
                0x00000000        0xc ./emlib/em_usart.o
 .text.USART_RxDoubleExt
                0x00000000        0xa ./emlib/em_usart.o
 .text.USART_RxExt
                0x00000000        0xc ./emlib/em_usart.o
 .text.USART_SpiTransfer
                0x00000000       0x14 ./emlib/em_usart.o
 .text.USART_TxDoubleExt
                0x00000000        0xa ./emlib/em_usart.o
 .text.USART_TxExt
                0x00000000        0xa ./emlib/em_usart.o
 .text          0x00000000        0x0 ./src/disp.o
 .data          0x00000000        0x0 ./src/disp.o
 .bss           0x00000000        0x0 ./src/disp.o
 .text          0x00000000        0x0 ./src/main.o
 .data          0x00000000        0x0 ./src/main.o
 .bss           0x00000000        0x0 ./src/main.o
 .text.myTIMER_Stop
                0x00000000        0xc ./src/main.o
 .data          0x00000000        0x0 c:/siliconlabs/simplicitystudio/v4/developer/toolchains/gnu_arm/4.9_2015q3/bin/../lib/gcc/arm-none-eabi/4.9.3/armv6-m\libgcc.a(_thumb1_case_uqi.o)
 .bss           0x00000000        0x0 c:/siliconlabs/simplicitystudio/v4/developer/toolchains/gnu_arm/4.9_2015q3/bin/../lib/gcc/arm-none-eabi/4.9.3/armv6-m\libgcc.a(_thumb1_case_uqi.o)
 .data          0x00000000        0x0 c:/siliconlabs/simplicitystudio/v4/developer/toolchains/gnu_arm/4.9_2015q3/bin/../lib/gcc/arm-none-eabi/4.9.3/armv6-m\libgcc.a(_udivsi3.o)
 .bss           0x00000000        0x0 c:/siliconlabs/simplicitystudio/v4/developer/toolchains/gnu_arm/4.9_2015q3/bin/../lib/gcc/arm-none-eabi/4.9.3/armv6-m\libgcc.a(_udivsi3.o)
 .data          0x00000000        0x0 c:/siliconlabs/simplicitystudio/v4/developer/toolchains/gnu_arm/4.9_2015q3/bin/../lib/gcc/arm-none-eabi/4.9.3/armv6-m\libgcc.a(_divsi3.o)
 .bss           0x00000000        0x0 c:/siliconlabs/simplicitystudio/v4/developer/toolchains/gnu_arm/4.9_2015q3/bin/../lib/gcc/arm-none-eabi/4.9.3/armv6-m\libgcc.a(_divsi3.o)
 .data          0x00000000        0x0 c:/siliconlabs/simplicitystudio/v4/developer/toolchains/gnu_arm/4.9_2015q3/bin/../lib/gcc/arm-none-eabi/4.9.3/armv6-m\libgcc.a(_dvmd_tls.o)
 .bss           0x00000000        0x0 c:/siliconlabs/simplicitystudio/v4/developer/toolchains/gnu_arm/4.9_2015q3/bin/../lib/gcc/arm-none-eabi/4.9.3/armv6-m\libgcc.a(_dvmd_tls.o)
 .data          0x00000000        0x0 c:/siliconlabs/simplicitystudio/v4/developer/toolchains/gnu_arm/4.9_2015q3/bin/../lib/gcc/arm-none-eabi/4.9.3/armv6-m\libgcc.a(_clzsi2.o)
 .bss           0x00000000        0x0 c:/siliconlabs/simplicitystudio/v4/developer/toolchains/gnu_arm/4.9_2015q3/bin/../lib/gcc/arm-none-eabi/4.9.3/armv6-m\libgcc.a(_clzsi2.o)
 .text          0x00000000       0x40 c:/siliconlabs/simplicitystudio/v4/developer/toolchains/gnu_arm/4.9_2015q3/bin/../lib/gcc/arm-none-eabi/4.9.3/armv6-m\libgcc.a(_aeabi_uldivmod.o)
 .data          0x00000000        0x0 c:/siliconlabs/simplicitystudio/v4/developer/toolchains/gnu_arm/4.9_2015q3/bin/../lib/gcc/arm-none-eabi/4.9.3/armv6-m\libgcc.a(_aeabi_uldivmod.o)
 .bss           0x00000000        0x0 c:/siliconlabs/simplicitystudio/v4/developer/toolchains/gnu_arm/4.9_2015q3/bin/../lib/gcc/arm-none-eabi/4.9.3/armv6-m\libgcc.a(_aeabi_uldivmod.o)
 .ARM.attributes
                0x00000000       0x1e c:/siliconlabs/simplicitystudio/v4/developer/toolchains/gnu_arm/4.9_2015q3/bin/../lib/gcc/arm-none-eabi/4.9.3/armv6-m\libgcc.a(_aeabi_uldivmod.o)
 .text          0x00000000       0x54 c:/siliconlabs/simplicitystudio/v4/developer/toolchains/gnu_arm/4.9_2015q3/bin/../lib/gcc/arm-none-eabi/4.9.3/armv6-m\libgcc.a(_muldi3.o)
 .data          0x00000000        0x0 c:/siliconlabs/simplicitystudio/v4/developer/toolchains/gnu_arm/4.9_2015q3/bin/../lib/gcc/arm-none-eabi/4.9.3/armv6-m\libgcc.a(_muldi3.o)
 .bss           0x00000000        0x0 c:/siliconlabs/simplicitystudio/v4/developer/toolchains/gnu_arm/4.9_2015q3/bin/../lib/gcc/arm-none-eabi/4.9.3/armv6-m\libgcc.a(_muldi3.o)
 .debug_frame   0x00000000       0x34 c:/siliconlabs/simplicitystudio/v4/developer/toolchains/gnu_arm/4.9_2015q3/bin/../lib/gcc/arm-none-eabi/4.9.3/armv6-m\libgcc.a(_muldi3.o)
 .ARM.attributes
                0x00000000       0x2c c:/siliconlabs/simplicitystudio/v4/developer/toolchains/gnu_arm/4.9_2015q3/bin/../lib/gcc/arm-none-eabi/4.9.3/armv6-m\libgcc.a(_muldi3.o)
 .text          0x00000000       0x6c c:/siliconlabs/simplicitystudio/v4/developer/toolchains/gnu_arm/4.9_2015q3/bin/../lib/gcc/arm-none-eabi/4.9.3/armv6-m\libgcc.a(bpabi.o)
 .data          0x00000000        0x0 c:/siliconlabs/simplicitystudio/v4/developer/toolchains/gnu_arm/4.9_2015q3/bin/../lib/gcc/arm-none-eabi/4.9.3/armv6-m\libgcc.a(bpabi.o)
 .bss           0x00000000        0x0 c:/siliconlabs/simplicitystudio/v4/developer/toolchains/gnu_arm/4.9_2015q3/bin/../lib/gcc/arm-none-eabi/4.9.3/armv6-m\libgcc.a(bpabi.o)
 .debug_frame   0x00000000       0x50 c:/siliconlabs/simplicitystudio/v4/developer/toolchains/gnu_arm/4.9_2015q3/bin/../lib/gcc/arm-none-eabi/4.9.3/armv6-m\libgcc.a(bpabi.o)
 .ARM.attributes
                0x00000000       0x2c c:/siliconlabs/simplicitystudio/v4/developer/toolchains/gnu_arm/4.9_2015q3/bin/../lib/gcc/arm-none-eabi/4.9.3/armv6-m\libgcc.a(bpabi.o)
 .data          0x00000000        0x0 c:/siliconlabs/simplicitystudio/v4/developer/toolchains/gnu_arm/4.9_2015q3/bin/../lib/gcc/arm-none-eabi/4.9.3/armv6-m\libgcc.a(divsf3.o)
 .bss           0x00000000        0x0 c:/siliconlabs/simplicitystudio/v4/developer/toolchains/gnu_arm/4.9_2015q3/bin/../lib/gcc/arm-none-eabi/4.9.3/armv6-m\libgcc.a(divsf3.o)
 .data          0x00000000        0x0 c:/siliconlabs/simplicitystudio/v4/developer/toolchains/gnu_arm/4.9_2015q3/bin/../lib/gcc/arm-none-eabi/4.9.3/armv6-m\libgcc.a(mulsf3.o)
 .bss           0x00000000        0x0 c:/siliconlabs/simplicitystudio/v4/developer/toolchains/gnu_arm/4.9_2015q3/bin/../lib/gcc/arm-none-eabi/4.9.3/armv6-m\libgcc.a(mulsf3.o)
 .data          0x00000000        0x0 c:/siliconlabs/simplicitystudio/v4/developer/toolchains/gnu_arm/4.9_2015q3/bin/../lib/gcc/arm-none-eabi/4.9.3/armv6-m\libgcc.a(subsf3.o)
 .bss           0x00000000        0x0 c:/siliconlabs/simplicitystudio/v4/developer/toolchains/gnu_arm/4.9_2015q3/bin/../lib/gcc/arm-none-eabi/4.9.3/armv6-m\libgcc.a(subsf3.o)
 .data          0x00000000        0x0 c:/siliconlabs/simplicitystudio/v4/developer/toolchains/gnu_arm/4.9_2015q3/bin/../lib/gcc/arm-none-eabi/4.9.3/armv6-m\libgcc.a(fixsfsi.o)
 .bss           0x00000000        0x0 c:/siliconlabs/simplicitystudio/v4/developer/toolchains/gnu_arm/4.9_2015q3/bin/../lib/gcc/arm-none-eabi/4.9.3/armv6-m\libgcc.a(fixsfsi.o)
 .data          0x00000000        0x0 c:/siliconlabs/simplicitystudio/v4/developer/toolchains/gnu_arm/4.9_2015q3/bin/../lib/gcc/arm-none-eabi/4.9.3/armv6-m\libgcc.a(floatunsisf.o)
 .bss           0x00000000        0x0 c:/siliconlabs/simplicitystudio/v4/developer/toolchains/gnu_arm/4.9_2015q3/bin/../lib/gcc/arm-none-eabi/4.9.3/armv6-m\libgcc.a(floatunsisf.o)
 .text          0x00000000      0x1f0 c:/siliconlabs/simplicitystudio/v4/developer/toolchains/gnu_arm/4.9_2015q3/bin/../lib/gcc/arm-none-eabi/4.9.3/armv6-m\libgcc.a(_divdi3.o)
 .data          0x00000000        0x0 c:/siliconlabs/simplicitystudio/v4/developer/toolchains/gnu_arm/4.9_2015q3/bin/../lib/gcc/arm-none-eabi/4.9.3/armv6-m\libgcc.a(_divdi3.o)
 .bss           0x00000000        0x0 c:/siliconlabs/simplicitystudio/v4/developer/toolchains/gnu_arm/4.9_2015q3/bin/../lib/gcc/arm-none-eabi/4.9.3/armv6-m\libgcc.a(_divdi3.o)
 .ARM.extab     0x00000000        0x0 c:/siliconlabs/simplicitystudio/v4/developer/toolchains/gnu_arm/4.9_2015q3/bin/../lib/gcc/arm-none-eabi/4.9.3/armv6-m\libgcc.a(_divdi3.o)
 .ARM.exidx     0x00000000        0x8 c:/siliconlabs/simplicitystudio/v4/developer/toolchains/gnu_arm/4.9_2015q3/bin/../lib/gcc/arm-none-eabi/4.9.3/armv6-m\libgcc.a(_divdi3.o)
 .debug_frame   0x00000000       0x3c c:/siliconlabs/simplicitystudio/v4/developer/toolchains/gnu_arm/4.9_2015q3/bin/../lib/gcc/arm-none-eabi/4.9.3/armv6-m\libgcc.a(_divdi3.o)
 .ARM.attributes
                0x00000000       0x2c c:/siliconlabs/simplicitystudio/v4/developer/toolchains/gnu_arm/4.9_2015q3/bin/../lib/gcc/arm-none-eabi/4.9.3/armv6-m\libgcc.a(_divdi3.o)
 .text          0x00000000      0x158 c:/siliconlabs/simplicitystudio/v4/developer/toolchains/gnu_arm/4.9_2015q3/bin/../lib/gcc/arm-none-eabi/4.9.3/armv6-m\libgcc.a(_udivdi3.o)
 .data          0x00000000        0x0 c:/siliconlabs/simplicitystudio/v4/developer/toolchains/gnu_arm/4.9_2015q3/bin/../lib/gcc/arm-none-eabi/4.9.3/armv6-m\libgcc.a(_udivdi3.o)
 .bss           0x00000000        0x0 c:/siliconlabs/simplicitystudio/v4/developer/toolchains/gnu_arm/4.9_2015q3/bin/../lib/gcc/arm-none-eabi/4.9.3/armv6-m\libgcc.a(_udivdi3.o)
 .ARM.extab     0x00000000        0x0 c:/siliconlabs/simplicitystudio/v4/developer/toolchains/gnu_arm/4.9_2015q3/bin/../lib/gcc/arm-none-eabi/4.9.3/armv6-m\libgcc.a(_udivdi3.o)
 .ARM.exidx     0x00000000        0x8 c:/siliconlabs/simplicitystudio/v4/developer/toolchains/gnu_arm/4.9_2015q3/bin/../lib/gcc/arm-none-eabi/4.9.3/armv6-m\libgcc.a(_udivdi3.o)
 .debug_frame   0x00000000       0x3c c:/siliconlabs/simplicitystudio/v4/developer/toolchains/gnu_arm/4.9_2015q3/bin/../lib/gcc/arm-none-eabi/4.9.3/armv6-m\libgcc.a(_udivdi3.o)
 .ARM.attributes
                0x00000000       0x2c c:/siliconlabs/simplicitystudio/v4/developer/toolchains/gnu_arm/4.9_2015q3/bin/../lib/gcc/arm-none-eabi/4.9.3/armv6-m\libgcc.a(_udivdi3.o)
 .text          0x00000000       0x18 c:/siliconlabs/simplicitystudio/v4/developer/toolchains/gnu_arm/4.9_2015q3/bin/../lib/gcc/arm-none-eabi/4.9.3/armv6-m\libgcc.a(_clzdi2.o)
 .data          0x00000000        0x0 c:/siliconlabs/simplicitystudio/v4/developer/toolchains/gnu_arm/4.9_2015q3/bin/../lib/gcc/arm-none-eabi/4.9.3/armv6-m\libgcc.a(_clzdi2.o)
 .bss           0x00000000        0x0 c:/siliconlabs/simplicitystudio/v4/developer/toolchains/gnu_arm/4.9_2015q3/bin/../lib/gcc/arm-none-eabi/4.9.3/armv6-m\libgcc.a(_clzdi2.o)
 .ARM.attributes
                0x00000000       0x1e c:/siliconlabs/simplicitystudio/v4/developer/toolchains/gnu_arm/4.9_2015q3/bin/../lib/gcc/arm-none-eabi/4.9.3/armv6-m\libgcc.a(_clzdi2.o)
 .text          0x00000000        0x0 c:/siliconlabs/simplicitystudio/v4/developer/toolchains/gnu_arm/4.9_2015q3/bin/../lib/gcc/arm-none-eabi/4.9.3/../../../../arm-none-eabi/lib/armv6-m\libc_nano.a(lib_a-exit.o)
 .data          0x00000000        0x0 c:/siliconlabs/simplicitystudio/v4/developer/toolchains/gnu_arm/4.9_2015q3/bin/../lib/gcc/arm-none-eabi/4.9.3/../../../../arm-none-eabi/lib/armv6-m\libc_nano.a(lib_a-exit.o)
 .bss           0x00000000        0x0 c:/siliconlabs/simplicitystudio/v4/developer/toolchains/gnu_arm/4.9_2015q3/bin/../lib/gcc/arm-none-eabi/4.9.3/../../../../arm-none-eabi/lib/armv6-m\libc_nano.a(lib_a-exit.o)
 .text          0x00000000        0x0 c:/siliconlabs/simplicitystudio/v4/developer/toolchains/gnu_arm/4.9_2015q3/bin/../lib/gcc/arm-none-eabi/4.9.3/../../../../arm-none-eabi/lib/armv6-m\libc_nano.a(lib_a-impure.o)
 .data          0x00000000        0x0 c:/siliconlabs/simplicitystudio/v4/developer/toolchains/gnu_arm/4.9_2015q3/bin/../lib/gcc/arm-none-eabi/4.9.3/../../../../arm-none-eabi/lib/armv6-m\libc_nano.a(lib_a-impure.o)
 .bss           0x00000000        0x0 c:/siliconlabs/simplicitystudio/v4/developer/toolchains/gnu_arm/4.9_2015q3/bin/../lib/gcc/arm-none-eabi/4.9.3/../../../../arm-none-eabi/lib/armv6-m\libc_nano.a(lib_a-impure.o)
 .data._impure_ptr
                0x00000000        0x4 c:/siliconlabs/simplicitystudio/v4/developer/toolchains/gnu_arm/4.9_2015q3/bin/../lib/gcc/arm-none-eabi/4.9.3/../../../../arm-none-eabi/lib/armv6-m\libc_nano.a(lib_a-impure.o)
 .text          0x00000000        0x0 c:/siliconlabs/simplicitystudio/v4/developer/toolchains/gnu_arm/4.9_2015q3/bin/../lib/gcc/arm-none-eabi/4.9.3/../../../../arm-none-eabi/lib/armv6-m\libc_nano.a(lib_a-init.o)
 .data          0x00000000        0x0 c:/siliconlabs/simplicitystudio/v4/developer/toolchains/gnu_arm/4.9_2015q3/bin/../lib/gcc/arm-none-eabi/4.9.3/../../../../arm-none-eabi/lib/armv6-m\libc_nano.a(lib_a-init.o)
 .bss           0x00000000        0x0 c:/siliconlabs/simplicitystudio/v4/developer/toolchains/gnu_arm/4.9_2015q3/bin/../lib/gcc/arm-none-eabi/4.9.3/../../../../arm-none-eabi/lib/armv6-m\libc_nano.a(lib_a-init.o)
 .text          0x00000000        0x0 c:/siliconlabs/simplicitystudio/v4/developer/toolchains/gnu_arm/4.9_2015q3/bin/../lib/gcc/arm-none-eabi/4.9.3/../../../../arm-none-eabi/lib/armv6-m\libc_nano.a(lib_a-memcpy.o)
 .data          0x00000000        0x0 c:/siliconlabs/simplicitystudio/v4/developer/toolchains/gnu_arm/4.9_2015q3/bin/../lib/gcc/arm-none-eabi/4.9.3/../../../../arm-none-eabi/lib/armv6-m\libc_nano.a(lib_a-memcpy.o)
 .bss           0x00000000        0x0 c:/siliconlabs/simplicitystudio/v4/developer/toolchains/gnu_arm/4.9_2015q3/bin/../lib/gcc/arm-none-eabi/4.9.3/../../../../arm-none-eabi/lib/armv6-m\libc_nano.a(lib_a-memcpy.o)
 .text          0x00000000        0x0 c:/siliconlabs/simplicitystudio/v4/developer/toolchains/gnu_arm/4.9_2015q3/bin/../lib/gcc/arm-none-eabi/4.9.3/../../../../arm-none-eabi/lib/armv6-m\libc_nano.a(lib_a-memset.o)
 .data          0x00000000        0x0 c:/siliconlabs/simplicitystudio/v4/developer/toolchains/gnu_arm/4.9_2015q3/bin/../lib/gcc/arm-none-eabi/4.9.3/../../../../arm-none-eabi/lib/armv6-m\libc_nano.a(lib_a-memset.o)
 .bss           0x00000000        0x0 c:/siliconlabs/simplicitystudio/v4/developer/toolchains/gnu_arm/4.9_2015q3/bin/../lib/gcc/arm-none-eabi/4.9.3/../../../../arm-none-eabi/lib/armv6-m\libc_nano.a(lib_a-memset.o)
 .text          0x00000000        0x0 c:/siliconlabs/simplicitystudio/v4/developer/toolchains/gnu_arm/4.9_2015q3/bin/../lib/gcc/arm-none-eabi/4.9.3/../../../../arm-none-eabi/lib/armv6-m\libc_nano.a(lib_a-strcpy.o)
 .data          0x00000000        0x0 c:/siliconlabs/simplicitystudio/v4/developer/toolchains/gnu_arm/4.9_2015q3/bin/../lib/gcc/arm-none-eabi/4.9.3/../../../../arm-none-eabi/lib/armv6-m\libc_nano.a(lib_a-strcpy.o)
 .bss           0x00000000        0x0 c:/siliconlabs/simplicitystudio/v4/developer/toolchains/gnu_arm/4.9_2015q3/bin/../lib/gcc/arm-none-eabi/4.9.3/../../../../arm-none-eabi/lib/armv6-m\libc_nano.a(lib_a-strcpy.o)
 .text          0x00000000        0x0 c:/siliconlabs/simplicitystudio/v4/developer/toolchains/gnu_arm/4.9_2015q3/bin/../lib/gcc/arm-none-eabi/4.9.3/../../../../arm-none-eabi/lib/armv6-m\libc_nano.a(lib_a-strlen.o)
 .data          0x00000000        0x0 c:/siliconlabs/simplicitystudio/v4/developer/toolchains/gnu_arm/4.9_2015q3/bin/../lib/gcc/arm-none-eabi/4.9.3/../../../../arm-none-eabi/lib/armv6-m\libc_nano.a(lib_a-strlen.o)
 .bss           0x00000000        0x0 c:/siliconlabs/simplicitystudio/v4/developer/toolchains/gnu_arm/4.9_2015q3/bin/../lib/gcc/arm-none-eabi/4.9.3/../../../../arm-none-eabi/lib/armv6-m\libc_nano.a(lib_a-strlen.o)
 .text          0x00000000        0x0 c:/siliconlabs/simplicitystudio/v4/developer/toolchains/gnu_arm/4.9_2015q3/bin/../lib/gcc/arm-none-eabi/4.9.3/../../../../arm-none-eabi/lib/armv6-m\libnosys.a(_exit.o)
 .data          0x00000000        0x0 c:/siliconlabs/simplicitystudio/v4/developer/toolchains/gnu_arm/4.9_2015q3/bin/../lib/gcc/arm-none-eabi/4.9.3/../../../../arm-none-eabi/lib/armv6-m\libnosys.a(_exit.o)
 .bss           0x00000000        0x0 c:/siliconlabs/simplicitystudio/v4/developer/toolchains/gnu_arm/4.9_2015q3/bin/../lib/gcc/arm-none-eabi/4.9.3/../../../../arm-none-eabi/lib/armv6-m\libnosys.a(_exit.o)
 .text          0x00000000        0x0 c:/siliconlabs/simplicitystudio/v4/developer/toolchains/gnu_arm/4.9_2015q3/bin/../lib/gcc/arm-none-eabi/4.9.3/armv6-m/crtend.o
 .data          0x00000000        0x0 c:/siliconlabs/simplicitystudio/v4/developer/toolchains/gnu_arm/4.9_2015q3/bin/../lib/gcc/arm-none-eabi/4.9.3/armv6-m/crtend.o
 .bss           0x00000000        0x0 c:/siliconlabs/simplicitystudio/v4/developer/toolchains/gnu_arm/4.9_2015q3/bin/../lib/gcc/arm-none-eabi/4.9.3/armv6-m/crtend.o
 .text          0x00000000        0x0 c:/siliconlabs/simplicitystudio/v4/developer/toolchains/gnu_arm/4.9_2015q3/bin/../lib/gcc/arm-none-eabi/4.9.3/armv6-m/crtn.o
 .data          0x00000000        0x0 c:/siliconlabs/simplicitystudio/v4/developer/toolchains/gnu_arm/4.9_2015q3/bin/../lib/gcc/arm-none-eabi/4.9.3/armv6-m/crtn.o
 .bss           0x00000000        0x0 c:/siliconlabs/simplicitystudio/v4/developer/toolchains/gnu_arm/4.9_2015q3/bin/../lib/gcc/arm-none-eabi/4.9.3/armv6-m/crtn.o

Memory Configuration

Name             Origin             Length             Attributes
FLASH            0x00000000         0x00008000         xr
RAM              0x20000000         0x00001000         xrw
*default*        0x00000000         0xffffffff

Linker script and memory map

LOAD c:/siliconlabs/simplicitystudio/v4/developer/toolchains/gnu_arm/4.9_2015q3/bin/../lib/gcc/arm-none-eabi/4.9.3/armv6-m/crti.o
LOAD c:/siliconlabs/simplicitystudio/v4/developer/toolchains/gnu_arm/4.9_2015q3/bin/../lib/gcc/arm-none-eabi/4.9.3/armv6-m/crtbegin.o
LOAD c:/siliconlabs/simplicitystudio/v4/developer/toolchains/gnu_arm/4.9_2015q3/bin/../lib/gcc/arm-none-eabi/4.9.3/../../../../arm-none-eabi/lib/armv6-m/crt0.o
LOAD ./CMSIS/EFM32ZG/startup_gcc_efm32zg.o
LOAD ./CMSIS/EFM32ZG/system_efm32zg.o
LOAD ./Drivers/display.o
LOAD ./Drivers/displayls013b7dh03.o
LOAD ./Drivers/displaypalemlib.o
LOAD ./Drivers/udelay.o
LOAD ./Graphics/dmd_display.o
LOAD ./Graphics/glib.o
LOAD ./Graphics/glib_font_narrow_6x8.o
LOAD ./Graphics/glib_font_normal_8x8.o
LOAD ./Graphics/glib_rectangle.o
LOAD ./Graphics/glib_string.o
LOAD ./emlib/em_assert.o
LOAD ./emlib/em_cmu.o
LOAD ./emlib/em_emu.o
LOAD ./emlib/em_gpio.o
LOAD ./emlib/em_int.o
LOAD ./emlib/em_pcnt.o
LOAD ./emlib/em_prs.o
LOAD ./emlib/em_rtc.o
LOAD ./emlib/em_system.o
LOAD ./emlib/em_timer.o
LOAD ./emlib/em_usart.o
LOAD ./src/disp.o
LOAD ./src/main.o
LOAD c:/siliconlabs/simplicitystudio/v4/developer/toolchains/gnu_arm/4.9_2015q3/bin/../lib/gcc/arm-none-eabi/4.9.3/../../../../arm-none-eabi/lib/armv6-m\libm.a
START GROUP
LOAD c:/siliconlabs/simplicitystudio/v4/developer/toolchains/gnu_arm/4.9_2015q3/bin/../lib/gcc/arm-none-eabi/4.9.3/armv6-m\libgcc.a
LOAD c:/siliconlabs/simplicitystudio/v4/developer/toolchains/gnu_arm/4.9_2015q3/bin/../lib/gcc/arm-none-eabi/4.9.3/../../../../arm-none-eabi/lib/armv6-m\libc_nano.a
LOAD c:/siliconlabs/simplicitystudio/v4/developer/toolchains/gnu_arm/4.9_2015q3/bin/../lib/gcc/arm-none-eabi/4.9.3/../../../../arm-none-eabi/lib/armv6-m\libnosys.a
END GROUP
START GROUP
LOAD c:/siliconlabs/simplicitystudio/v4/developer/toolchains/gnu_arm/4.9_2015q3/bin/../lib/gcc/arm-none-eabi/4.9.3/armv6-m\libgcc.a
LOAD c:/siliconlabs/simplicitystudio/v4/developer/toolchains/gnu_arm/4.9_2015q3/bin/../lib/gcc/arm-none-eabi/4.9.3/../../../../arm-none-eabi/lib/armv6-m\libg_nano.a
LOAD c:/siliconlabs/simplicitystudio/v4/developer/toolchains/gnu_arm/4.9_2015q3/bin/../lib/gcc/arm-none-eabi/4.9.3/../../../../arm-none-eabi/lib/armv6-m\libc_nano.a
END GROUP
START GROUP
LOAD c:/siliconlabs/simplicitystudio/v4/developer/toolchains/gnu_arm/4.9_2015q3/bin/../lib/gcc/arm-none-eabi/4.9.3/armv6-m\libgcc.a
LOAD c:/siliconlabs/simplicitystudio/v4/developer/toolchains/gnu_arm/4.9_2015q3/bin/../lib/gcc/arm-none-eabi/4.9.3/../../../../arm-none-eabi/lib/armv6-m\libc_nano.a
END GROUP
LOAD c:/siliconlabs/simplicitystudio/v4/developer/toolchains/gnu_arm/4.9_2015q3/bin/../lib/gcc/arm-none-eabi/4.9.3/armv6-m/crtend.o
LOAD c:/siliconlabs/simplicitystudio/v4/developer/toolchains/gnu_arm/4.9_2015q3/bin/../lib/gcc/arm-none-eabi/4.9.3/armv6-m/crtn.o

.text           0x00000000     0x317c
 *(.vectors)
 .vectors       0x00000000       0x8c ./CMSIS/EFM32ZG/startup_gcc_efm32zg.o
                0x00000000                __Vectors
                0x0000008c                __Vectors_End = .
                0x0000008c                __Vectors_Size = (__Vectors_End - __Vectors)
                0x0000008c                __end__ = .
 *(.text*)
 .text          0x0000008c       0x60 c:/siliconlabs/simplicitystudio/v4/developer/toolchains/gnu_arm/4.9_2015q3/bin/../lib/gcc/arm-none-eabi/4.9.3/armv6-m/crtbegin.o
 .text          0x000000ec       0x78 c:/siliconlabs/simplicitystudio/v4/developer/toolchains/gnu_arm/4.9_2015q3/bin/../lib/gcc/arm-none-eabi/4.9.3/../../../../arm-none-eabi/lib/armv6-m/crt0.o
                0x000000ec                _start
                0x000000ec                _mainCRTStartup
 .text          0x00000164       0x30 ./CMSIS/EFM32ZG/startup_gcc_efm32zg.o
                0x00000164                Reset_Handler
                0x00000190                HardFault_Handler
                0x00000190                SysTick_Handler
                0x00000190                USART1_RX_IRQHandler
                0x00000190                PendSV_Handler
                0x00000190                NMI_Handler
                0x00000190                USART1_TX_IRQHandler
                0x00000190                MSC_IRQHandler
                0x00000190                ADC0_IRQHandler
                0x00000190                LEUART0_IRQHandler
                0x00000190                GPIO_EVEN_IRQHandler
                0x00000190                RTC_IRQHandler
                0x00000190                TIMER0_IRQHandler
                0x00000190                I2C0_IRQHandler
                0x00000190                TIMER1_IRQHandler
                0x00000190                Default_Handler
                0x00000190                PCNT0_IRQHandler
                0x00000190                ACMP0_IRQHandler
                0x00000190                SVC_Handler
                0x00000190                CMU_IRQHandler
                0x00000190                AES_IRQHandler
                0x00000190                VCMP_IRQHandler
                0x00000190                DMA_IRQHandler
 .text.SystemMaxCoreClockGet
                0x00000194        0x8 ./CMSIS/EFM32ZG/system_efm32zg.o
                0x00000194                SystemMaxCoreClockGet
 .text.SystemHFClockGet
                0x0000019c       0x9c ./CMSIS/EFM32ZG/system_efm32zg.o
                0x0000019c                SystemHFClockGet
 .text.SystemCoreClockGet
                0x00000238       0x20 ./CMSIS/EFM32ZG/system_efm32zg.o
                0x00000238                SystemCoreClockGet
 .text.SystemInit
                0x00000258        0x2 ./CMSIS/EFM32ZG/system_efm32zg.o
                0x00000258                SystemInit
 .text.SystemLFRCOClockGet
                0x0000025a        0x6 ./CMSIS/EFM32ZG/system_efm32zg.o
                0x0000025a                SystemLFRCOClockGet
 .text.SystemULFRCOClockGet
                0x00000260        0x6 ./CMSIS/EFM32ZG/system_efm32zg.o
                0x00000260                SystemULFRCOClockGet
 *fill*         0x00000266        0x2 
 .text.SystemLFXOClockGet
                0x00000268        0xc ./CMSIS/EFM32ZG/system_efm32zg.o
                0x00000268                SystemLFXOClockGet
 .text.DISPLAY_Init
                0x00000274       0x2c ./Drivers/display.o
                0x00000274                DISPLAY_Init
 .text.DISPLAY_DeviceGet
                0x000002a0       0x3c ./Drivers/display.o
                0x000002a0                DISPLAY_DeviceGet
 .text.DISPLAY_DeviceRegister
                0x000002dc       0x44 ./Drivers/display.o
                0x000002dc                DISPLAY_DeviceRegister
 .text.PixelMatrixAllocate
                0x00000320       0x3c ./Drivers/displayls013b7dh03.o
 .text.PixelMatrixFree
                0x0000035c        0x8 ./Drivers/displayls013b7dh03.o
 .text.DriverRefresh
                0x00000364        0xe ./Drivers/displayls013b7dh03.o
 .text.PixelMatrixClear
                0x00000372       0x20 ./Drivers/displayls013b7dh03.o
 .text.PixelMatrixDraw
                0x00000392       0x76 ./Drivers/displayls013b7dh03.o
 .text.DisplayEnable.part.0
                0x00000408       0x14 ./Drivers/displayls013b7dh03.o
 .text.DisplayEnable
                0x0000041c       0x20 ./Drivers/displayls013b7dh03.o
 .text.DISPLAY_Ls013b7dh03Init
                0x0000043c       0xec ./Drivers/displayls013b7dh03.o
                0x0000043c                DISPLAY_Ls013b7dh03Init
 .text.PAL_SpiInit
                0x00000528       0x44 ./Drivers/displaypalemlib.o
                0x00000528                PAL_SpiInit
 .text.PAL_SpiTransmit
                0x0000056c       0x40 ./Drivers/displaypalemlib.o
                0x0000056c                PAL_SpiTransmit
 .text.PAL_TimerInit
                0x000005ac        0xa ./Drivers/displaypalemlib.o
                0x000005ac                PAL_TimerInit
 .text.PAL_TimerMicroSecondsDelay
                0x000005b6        0xa ./Drivers/displaypalemlib.o
                0x000005b6                PAL_TimerMicroSecondsDelay
 .text.PAL_GpioInit
                0x000005c0       0x14 ./Drivers/displaypalemlib.o
                0x000005c0                PAL_GpioInit
 .text.PAL_GpioPinModeSet
                0x000005d4       0x1c ./Drivers/displaypalemlib.o
                0x000005d4                PAL_GpioPinModeSet
 .text.PAL_GpioPinOutSet
                0x000005f0       0x1c ./Drivers/displaypalemlib.o
                0x000005f0                PAL_GpioPinOutSet
 .text.PAL_GpioPinOutClear
                0x0000060c       0x1c ./Drivers/displaypalemlib.o
                0x0000060c                PAL_GpioPinOutClear
 .text.PAL_GpioPinAutoToggle
                0x00000628       0xc8 ./Drivers/displaypalemlib.o
                0x00000628                PAL_GpioPinAutoToggle
 .text.UDELAY_Calibrate
                0x000006f0      0x1c8 ./Drivers/udelay.o
                0x000006f0                UDELAY_Calibrate
 .text.UDELAY_Delay
                0x000008b8       0x28 ./Drivers/udelay.o
                0x000008b8                UDELAY_Delay
 .text.DMD_getDisplayGeometry
                0x000008e0       0x1c ./Graphics/dmd_display.o
                0x000008e0                DMD_getDisplayGeometry
 .text.DMD_setClippingArea
                0x000008fc       0x40 ./Graphics/dmd_display.o
                0x000008fc                DMD_setClippingArea
 .text.DMD_writeColor
                0x0000093c      0x160 ./Graphics/dmd_display.o
                0x0000093c                DMD_writeColor
 .text.DMD_allocateFramebuffer
                0x00000a9c       0x38 ./Graphics/dmd_display.o
                0x00000a9c                DMD_allocateFramebuffer
 .text.DMD_init
                0x00000ad4       0x78 ./Graphics/dmd_display.o
                0x00000ad4                DMD_init
 .text.DMD_updateDisplay
                0x00000b4c       0xa0 ./Graphics/dmd_display.o
                0x00000b4c                DMD_updateDisplay
 .text.GLIB_setClippingRegion
                0x00000bec       0x6a ./Graphics/glib.o
                0x00000bec                GLIB_setClippingRegion
 *fill*         0x00000c56        0x2 
 .text.GLIB_contextInit
                0x00000c58       0x54 ./Graphics/glib.o
                0x00000c58                GLIB_contextInit
 .text.GLIB_resetDisplayClippingArea
                0x00000cac       0x1a ./Graphics/glib.o
                0x00000cac                GLIB_resetDisplayClippingArea
 .text.GLIB_clear
                0x00000cc6       0x36 ./Graphics/glib.o
                0x00000cc6                GLIB_clear
 .text.GLIB_drawPixel
                0x00000cfc       0x38 ./Graphics/glib.o
                0x00000cfc                GLIB_drawPixel
 .text.GLIB_drawPixelColor
                0x00000d34       0x36 ./Graphics/glib.o
                0x00000d34                GLIB_drawPixelColor
 .text.GLIB_rectContainsPoint
                0x00000d6a       0x28 ./Graphics/glib_rectangle.o
                0x00000d6a                GLIB_rectContainsPoint
 .text.GLIB_drawChar
                0x00000d92      0x120 ./Graphics/glib_string.o
                0x00000d92                GLIB_drawChar
 .text.GLIB_drawString
                0x00000eb2       0x84 ./Graphics/glib_string.o
                0x00000eb2                GLIB_drawString
 .text.GLIB_setFont
                0x00000f36       0x22 ./Graphics/glib_string.o
                0x00000f36                GLIB_setFont
 .text.flashWaitStateControl
                0x00000f58       0x3c ./emlib/em_cmu.o
 .text.flashWaitStateMax
                0x00000f94        0xc ./emlib/em_cmu.o
 .text.auxClkGet
                0x00000fa0       0x88 ./emlib/em_cmu.o
 .text.syncReg  0x00001028       0x14 ./emlib/em_cmu.o
 .text.CMU_ClockDivGet
                0x0000103c       0x60 ./emlib/em_cmu.o
                0x0000103c                CMU_ClockDivGet
 .text.CMU_ClockDivSet
                0x0000109c       0xac ./emlib/em_cmu.o
                0x0000109c                CMU_ClockDivSet
 .text.CMU_ClockEnable
                0x00001148       0x74 ./emlib/em_cmu.o
                0x00001148                CMU_ClockEnable
 .text.CMU_ClockSelectGet
                0x000011bc       0x9c ./emlib/em_cmu.o
                0x000011bc                CMU_ClockSelectGet
 .text.lfClkGet
                0x00001258       0x80 ./emlib/em_cmu.o
 .text.CMU_ClockFreqGet
                0x000012d8       0xc4 ./emlib/em_cmu.o
                0x000012d8                CMU_ClockFreqGet
 .text.CMU_OscillatorEnable
                0x0000139c       0x68 ./emlib/em_cmu.o
                0x0000139c                CMU_OscillatorEnable
 .text.CMU_ClockSelectSet
                0x00001404       0xe0 ./emlib/em_cmu.o
                0x00001404                CMU_ClockSelectSet
 .text.EMU_UpdateOscConfig
                0x000014e4       0x14 ./emlib/em_emu.o
                0x000014e4                EMU_UpdateOscConfig
 .text.GPIO_ExtIntConfig
                0x000014f8       0x78 ./emlib/em_gpio.o
                0x000014f8                GPIO_ExtIntConfig
 .text.GPIO_PinModeSet
                0x00001570       0x84 ./emlib/em_gpio.o
                0x00001570                GPIO_PinModeSet
 .text.PRS_SourceAsyncSignalSet
                0x000015f4       0x20 ./emlib/em_prs.o
                0x000015f4                PRS_SourceAsyncSignalSet
 .text.RTC_CompareSet
                0x00001614       0x1c ./emlib/em_rtc.o
                0x00001614                RTC_CompareSet
 .text.RTC_Enable
                0x00001630       0x14 ./emlib/em_rtc.o
                0x00001630                RTC_Enable
 .text.RTC_FreezeEnable
                0x00001644       0x14 ./emlib/em_rtc.o
                0x00001644                RTC_FreezeEnable
 .text.RTC_Init
                0x00001658       0x20 ./emlib/em_rtc.o
                0x00001658                RTC_Init
 .text.RTC_CounterReset
                0x00001678       0x10 ./emlib/em_rtc.o
                0x00001678                RTC_CounterReset
 .text.TIMER_Init
                0x00001688       0x7c ./emlib/em_timer.o
                0x00001688                TIMER_Init
 .text.USART_BaudrateSyncSet
                0x00001704       0x40 ./emlib/em_usart.o
                0x00001704                USART_BaudrateSyncSet
 .text.USART_Reset
                0x00001744       0x3c ./emlib/em_usart.o
                0x00001744                USART_Reset
 .text.USART_InitSync
                0x00001780       0x60 ./emlib/em_usart.o
                0x00001780                USART_InitSync
 .text.USART_Tx
                0x000017e0        0xa ./emlib/em_usart.o
                0x000017e0                USART_Tx
 .text.USART_TxDouble
                0x000017ea        0xa ./emlib/em_usart.o
                0x000017ea                USART_TxDouble
 .text.Glib_PrepareAndClear
                0x000017f4       0x1c ./src/disp.o
 .text.Glib_ShowText.constprop.0
                0x00001810       0x70 ./src/disp.o
 .text.Display_Init
                0x00001880       0x28 ./src/disp.o
                0x00001880                Display_Init
 .text.Display_ShowTemperature
                0x000018a8      0x148 ./src/disp.o
                0x000018a8                Display_ShowTemperature
 .text.Display_ShowParityError
                0x000019f0       0x4c ./src/disp.o
                0x000019f0                Display_ShowParityError
 .text.Display_ShowTimingError
                0x00001a3c       0x4c ./src/disp.o
                0x00001a3c                Display_ShowTimingError
 .text.Display_WellcomeScreen
                0x00001a88       0x10 ./src/disp.o
                0x00001a88                Display_WellcomeScreen
 .text.INT_Enable
                0x00001a98       0x18 ./src/main.o
 .text.myTIMER_Start
                0x00001ab0       0x30 ./src/main.o
                0x00001ab0                myTIMER_Start
 .text.readTSicPacket
                0x00001ae0       0x70 ./src/main.o
                0x00001ae0                readTSicPacket
 .text.calculateCelsius
                0x00001b50       0x28 ./src/main.o
                0x00001b50                calculateCelsius
 .text.checkParity
                0x00001b78       0x24 ./src/main.o
                0x00001b78                checkParity
 .text.receiveTSicData
                0x00001b9c       0x78 ./src/main.o
                0x00001b9c                receiveTSicData
 .text.ReceiveTempAndShowIt
                0x00001c14       0x3c ./src/main.o
                0x00001c14                ReceiveTempAndShowIt
 .text.GPIO_ODD_IRQHandler
                0x00001c50       0x1c ./src/main.o
                0x00001c50                GPIO_ODD_IRQHandler
 .text.startup.main
                0x00001c6c       0x70 ./src/main.o
                0x00001c6c                main
 .text          0x00001cdc       0x14 c:/siliconlabs/simplicitystudio/v4/developer/toolchains/gnu_arm/4.9_2015q3/bin/../lib/gcc/arm-none-eabi/4.9.3/armv6-m\libgcc.a(_thumb1_case_uqi.o)
                0x00001cdc                __gnu_thumb1_case_uqi
 .text          0x00001cf0      0x120 c:/siliconlabs/simplicitystudio/v4/developer/toolchains/gnu_arm/4.9_2015q3/bin/../lib/gcc/arm-none-eabi/4.9.3/armv6-m\libgcc.a(_udivsi3.o)
                0x00001cf0                __aeabi_uidiv
                0x00001cf0                __udivsi3
                0x00001dfc                __aeabi_uidivmod
 .text          0x00001e10      0x1e0 c:/siliconlabs/simplicitystudio/v4/developer/toolchains/gnu_arm/4.9_2015q3/bin/../lib/gcc/arm-none-eabi/4.9.3/armv6-m\libgcc.a(_divsi3.o)
                0x00001e10                __divsi3
                0x00001e10                __aeabi_idiv
                0x00001fdc                __aeabi_idivmod
 .text          0x00001ff0        0x4 c:/siliconlabs/simplicitystudio/v4/developer/toolchains/gnu_arm/4.9_2015q3/bin/../lib/gcc/arm-none-eabi/4.9.3/armv6-m\libgcc.a(_dvmd_tls.o)
                0x00001ff0                __aeabi_idiv0
                0x00001ff0                __aeabi_ldiv0
 .text          0x00001ff4       0x3c c:/siliconlabs/simplicitystudio/v4/developer/toolchains/gnu_arm/4.9_2015q3/bin/../lib/gcc/arm-none-eabi/4.9.3/armv6-m\libgcc.a(_clzsi2.o)
                0x00001ff4                __clzsi2
 .text          0x00002030      0x270 c:/siliconlabs/simplicitystudio/v4/developer/toolchains/gnu_arm/4.9_2015q3/bin/../lib/gcc/arm-none-eabi/4.9.3/armv6-m\libgcc.a(divsf3.o)
                0x00002030                __aeabi_fdiv
 .text          0x000022a0      0x264 c:/siliconlabs/simplicitystudio/v4/developer/toolchains/gnu_arm/4.9_2015q3/bin/../lib/gcc/arm-none-eabi/4.9.3/armv6-m\libgcc.a(mulsf3.o)
                0x000022a0                __aeabi_fmul
 .text          0x00002504      0x2fc c:/siliconlabs/simplicitystudio/v4/developer/toolchains/gnu_arm/4.9_2015q3/bin/../lib/gcc/arm-none-eabi/4.9.3/armv6-m\libgcc.a(subsf3.o)
                0x00002504                __aeabi_fsub
 .text          0x00002800       0x40 c:/siliconlabs/simplicitystudio/v4/developer/toolchains/gnu_arm/4.9_2015q3/bin/../lib/gcc/arm-none-eabi/4.9.3/armv6-m\libgcc.a(fixsfsi.o)
                0x00002800                __aeabi_f2iz
 .text          0x00002840       0x90 c:/siliconlabs/simplicitystudio/v4/developer/toolchains/gnu_arm/4.9_2015q3/bin/../lib/gcc/arm-none-eabi/4.9.3/armv6-m\libgcc.a(floatunsisf.o)
                0x00002840                __aeabi_ui2f
 .text.exit     0x000028d0       0x2c c:/siliconlabs/simplicitystudio/v4/developer/toolchains/gnu_arm/4.9_2015q3/bin/../lib/gcc/arm-none-eabi/4.9.3/../../../../arm-none-eabi/lib/armv6-m\libc_nano.a(lib_a-exit.o)
                0x000028d0                exit
 .text.__libc_init_array
                0x000028fc       0x4c c:/siliconlabs/simplicitystudio/v4/developer/toolchains/gnu_arm/4.9_2015q3/bin/../lib/gcc/arm-none-eabi/4.9.3/../../../../arm-none-eabi/lib/armv6-m\libc_nano.a(lib_a-init.o)
                0x000028fc                __libc_init_array
 .text.memcpy   0x00002948       0x12 c:/siliconlabs/simplicitystudio/v4/developer/toolchains/gnu_arm/4.9_2015q3/bin/../lib/gcc/arm-none-eabi/4.9.3/../../../../arm-none-eabi/lib/armv6-m\libc_nano.a(lib_a-memcpy.o)
                0x00002948                memcpy
 .text.memset   0x0000295a       0x10 c:/siliconlabs/simplicitystudio/v4/developer/toolchains/gnu_arm/4.9_2015q3/bin/../lib/gcc/arm-none-eabi/4.9.3/../../../../arm-none-eabi/lib/armv6-m\libc_nano.a(lib_a-memset.o)
                0x0000295a                memset
 .text.strcpy   0x0000296a       0x10 c:/siliconlabs/simplicitystudio/v4/developer/toolchains/gnu_arm/4.9_2015q3/bin/../lib/gcc/arm-none-eabi/4.9.3/../../../../arm-none-eabi/lib/armv6-m\libc_nano.a(lib_a-strcpy.o)
                0x0000296a                strcpy
 .text.strlen   0x0000297a        0xe c:/siliconlabs/simplicitystudio/v4/developer/toolchains/gnu_arm/4.9_2015q3/bin/../lib/gcc/arm-none-eabi/4.9.3/../../../../arm-none-eabi/lib/armv6-m\libc_nano.a(lib_a-strlen.o)
                0x0000297a                strlen
 .text._exit    0x00002988        0x4 c:/siliconlabs/simplicitystudio/v4/developer/toolchains/gnu_arm/4.9_2015q3/bin/../lib/gcc/arm-none-eabi/4.9.3/../../../../arm-none-eabi/lib/armv6-m\libnosys.a(_exit.o)
                0x00002988                _exit
 *(.init)
 .init          0x0000298c        0x4 c:/siliconlabs/simplicitystudio/v4/developer/toolchains/gnu_arm/4.9_2015q3/bin/../lib/gcc/arm-none-eabi/4.9.3/armv6-m/crti.o
                0x0000298c                _init
 .init          0x00002990        0x8 c:/siliconlabs/simplicitystudio/v4/developer/toolchains/gnu_arm/4.9_2015q3/bin/../lib/gcc/arm-none-eabi/4.9.3/armv6-m/crtn.o
 *(.fini)
 .fini          0x00002998        0x4 c:/siliconlabs/simplicitystudio/v4/developer/toolchains/gnu_arm/4.9_2015q3/bin/../lib/gcc/arm-none-eabi/4.9.3/armv6-m/crti.o
                0x00002998                _fini
 .fini          0x0000299c        0x8 c:/siliconlabs/simplicitystudio/v4/developer/toolchains/gnu_arm/4.9_2015q3/bin/../lib/gcc/arm-none-eabi/4.9.3/armv6-m/crtn.o
 *crtbegin.o(.ctors)
 *crtbegin?.o(.ctors)
 *(EXCLUDE_FILE(*crtend.o *crtend?.o) .ctors)
 *(SORT(.ctors.*))
 *(.ctors)
 *crtbegin.o(.dtors)
 *crtbegin?.o(.dtors)
 *(EXCLUDE_FILE(*crtend.o *crtend?.o) .dtors)
 *(SORT(.dtors.*))
 *(.dtors)
 *(.rodata*)
 .rodata.str1.1
                0x000029a4       0x15 ./Drivers/displayls013b7dh03.o
 *fill*         0x000029b9        0x3 
 .rodata        0x000029bc       0x1b ./Drivers/displaypalemlib.o
 .rodata        0x000029d7        0x3 ./Drivers/udelay.o
 *fill*         0x000029da        0x2 
 .rodata.GLIB_FontNarrow6x8
                0x000029dc       0x10 ./Graphics/glib_font_narrow_6x8.o
                0x000029dc                GLIB_FontNarrow6x8
 .rodata.GLIB_FontNarrow6x8PixMap
                0x000029ec      0x320 ./Graphics/glib_font_narrow_6x8.o
 .rodata.GLIB_FontNormal8x8
                0x00002d0c       0x10 ./Graphics/glib_font_normal_8x8.o
                0x00002d0c                GLIB_FontNormal8x8
 .rodata.GLIB_FontNormal8x8PixMap
                0x00002d1c      0x320 ./Graphics/glib_font_normal_8x8.o
 .rodata.str1.1
                0x0000303c       0x74 ./src/disp.o
 .rodata        0x000030b0       0x80 c:/siliconlabs/simplicitystudio/v4/developer/toolchains/gnu_arm/4.9_2015q3/bin/../lib/gcc/arm-none-eabi/4.9.3/armv6-m\libgcc.a(divsf3.o)
 .rodata        0x00003130       0x40 c:/siliconlabs/simplicitystudio/v4/developer/toolchains/gnu_arm/4.9_2015q3/bin/../lib/gcc/arm-none-eabi/4.9.3/armv6-m\libgcc.a(mulsf3.o)
 .rodata.str1.1
                0x00003170        0x2 c:/siliconlabs/simplicitystudio/v4/developer/toolchains/gnu_arm/4.9_2015q3/bin/../lib/gcc/arm-none-eabi/4.9.3/../../../../arm-none-eabi/lib/armv6-m\libc_nano.a(lib_a-impure.o)
 *fill*         0x00003172        0x2 
 .rodata._global_impure_ptr
                0x00003174        0x4 c:/siliconlabs/simplicitystudio/v4/developer/toolchains/gnu_arm/4.9_2015q3/bin/../lib/gcc/arm-none-eabi/4.9.3/../../../../arm-none-eabi/lib/armv6-m\libc_nano.a(lib_a-impure.o)
                0x00003174                _global_impure_ptr
 *(.eh_frame*)
 .eh_frame      0x00003178        0x0 c:/siliconlabs/simplicitystudio/v4/developer/toolchains/gnu_arm/4.9_2015q3/bin/../lib/gcc/arm-none-eabi/4.9.3/armv6-m/crtbegin.o
 .eh_frame      0x00003178        0x4 c:/siliconlabs/simplicitystudio/v4/developer/toolchains/gnu_arm/4.9_2015q3/bin/../lib/gcc/arm-none-eabi/4.9.3/armv6-m/crtend.o

.glue_7         0x0000317c        0x0
 .glue_7        0x00000000        0x0 linker stubs

.glue_7t        0x0000317c        0x0
 .glue_7t       0x00000000        0x0 linker stubs

.vfp11_veneer   0x0000317c        0x0
 .vfp11_veneer  0x00000000        0x0 linker stubs

.v4_bx          0x0000317c        0x0
 .v4_bx         0x00000000        0x0 linker stubs

.iplt           0x0000317c        0x0
 .iplt          0x00000000        0x0 c:/siliconlabs/simplicitystudio/v4/developer/toolchains/gnu_arm/4.9_2015q3/bin/../lib/gcc/arm-none-eabi/4.9.3/armv6-m/crtbegin.o

.ARM.extab
 *(.ARM.extab* .gnu.linkonce.armextab.*)
                0x0000317c                __exidx_start = .

.ARM.exidx      0x0000317c        0x8
 *(.ARM.exidx* .gnu.linkonce.armexidx.*)
 .ARM.exidx     0x0000317c        0x8 c:/siliconlabs/simplicitystudio/v4/developer/toolchains/gnu_arm/4.9_2015q3/bin/../lib/gcc/arm-none-eabi/4.9.3/../../../../arm-none-eabi/lib/armv6-m/crt0.o
                0x00003184                __exidx_end = .
                0x00003184                __etext = .

.rel.dyn        0x00003184        0x0
 .rel.iplt      0x00000000        0x0 c:/siliconlabs/simplicitystudio/v4/developer/toolchains/gnu_arm/4.9_2015q3/bin/../lib/gcc/arm-none-eabi/4.9.3/armv6-m/crtbegin.o

.data           0x20000000       0x84 load address 0x00003184
                0x20000000                __data_start__ = .
 *(vtable)
 *(.data*)
 .data.SystemLFXOClock
                0x20000000        0x4 ./CMSIS/EFM32ZG/system_efm32zg.o
 .data.SystemHFXOClock
                0x20000004        0x4 ./CMSIS/EFM32ZG/system_efm32zg.o
 .data.pDisplayDeviceDriverInitFunctions
                0x20000008        0x8 ./Drivers/display.o
 .data.pixelMatrixPool
                0x20000010        0x4 ./Drivers/displayls013b7dh03.o
 .data.loops_per_jiffy
                0x20000014        0x4 ./Drivers/udelay.o
                0x20000014                loops_per_jiffy
 .data.impure_data
                0x20000018       0x60 c:/siliconlabs/simplicitystudio/v4/developer/toolchains/gnu_arm/4.9_2015q3/bin/../lib/gcc/arm-none-eabi/4.9.3/../../../../arm-none-eabi/lib/armv6-m\libc_nano.a(lib_a-impure.o)
                0x20000078                . = ALIGN (0x4)
 *(.ram)
                0x20000078                . = ALIGN (0x4)
                0x20000078                PROVIDE (__preinit_array_start, .)
 *(.preinit_array)
                0x20000078                PROVIDE (__preinit_array_end, .)
                0x20000078                . = ALIGN (0x4)
                0x20000078                PROVIDE (__init_array_start, .)
 *(SORT(.init_array.*))
 *(.init_array)
 .init_array    0x20000078        0x4 c:/siliconlabs/simplicitystudio/v4/developer/toolchains/gnu_arm/4.9_2015q3/bin/../lib/gcc/arm-none-eabi/4.9.3/armv6-m/crtbegin.o
                0x2000007c                PROVIDE (__init_array_end, .)
                0x2000007c                . = ALIGN (0x4)
                0x2000007c                PROVIDE (__fini_array_start, .)
 *(SORT(.fini_array.*))
 *(.fini_array)
 .fini_array    0x2000007c        0x4 c:/siliconlabs/simplicitystudio/v4/developer/toolchains/gnu_arm/4.9_2015q3/bin/../lib/gcc/arm-none-eabi/4.9.3/armv6-m/crtbegin.o
                0x20000080                PROVIDE (__fini_array_end, .)
 *(.jcr*)
 .jcr           0x20000080        0x0 c:/siliconlabs/simplicitystudio/v4/developer/toolchains/gnu_arm/4.9_2015q3/bin/../lib/gcc/arm-none-eabi/4.9.3/armv6-m/crtbegin.o
 .jcr           0x20000080        0x4 c:/siliconlabs/simplicitystudio/v4/developer/toolchains/gnu_arm/4.9_2015q3/bin/../lib/gcc/arm-none-eabi/4.9.3/armv6-m/crtend.o
                0x20000084                . = ALIGN (0x4)
                0x20000084                __data_end__ = .

.igot.plt       0x20000084        0x0 load address 0x00003208
 .igot.plt      0x00000000        0x0 c:/siliconlabs/simplicitystudio/v4/developer/toolchains/gnu_arm/4.9_2015q3/bin/../lib/gcc/arm-none-eabi/4.9.3/armv6-m/crtbegin.o

.bss            0x20000084      0x8dc load address 0x00003208
                0x20000084                . = ALIGN (0x4)
                0x20000084                __bss_start__ = .
 *(.bss*)
 .bss           0x20000084       0x1c c:/siliconlabs/simplicitystudio/v4/developer/toolchains/gnu_arm/4.9_2015q3/bin/../lib/gcc/arm-none-eabi/4.9.3/armv6-m/crtbegin.o
 .bss.devicesRegistered
                0x200000a0        0x4 ./Drivers/display.o
 .bss.deviceTable
                0x200000a4       0x2c ./Drivers/display.o
 .bss.moduleInitialized
                0x200000d0        0x1 ./Drivers/display.o
 .bss.pixelMatrixPoolBase
                0x200000d1      0x800 ./Drivers/displayls013b7dh03.o
 *fill*         0x200008d1        0x3 
 .bss.pixelMatrixBuffer
                0x200008d4        0x4 ./Graphics/dmd_display.o
 .bss.displayDevice
                0x200008d8       0x2c ./Graphics/dmd_display.o
 .bss.dimensions
                0x20000904        0xc ./Graphics/dmd_display.o
 .bss.moduleInitialized
                0x20000910        0x1 ./Graphics/dmd_display.o
 *fill*         0x20000911        0x3 
 .bss.cmuStatus
                0x20000914        0x4 ./emlib/em_emu.o
 .bss.INT_LockCnt
                0x20000918        0x4 ./emlib/em_int.o
                0x20000918                INT_LockCnt
 .bss.glibContext
                0x2000091c       0x2c ./src/disp.o
 .bss.fullTSicTransmission
                0x20000948        0x2 ./src/main.o
                0x20000948                fullTSicTransmission
 .bss.currentTSicPacket
                0x2000094a        0x2 ./src/main.o
                0x2000094a                currentTSicPacket
 *(COMMON)
 COMMON         0x2000094c        0x4 ./CMSIS/EFM32ZG/system_efm32zg.o
                0x2000094c                SystemCoreClock
 COMMON         0x20000950       0x10 ./Graphics/dmd_display.o
                0x20000950                dirtyRows
                0x20000960                . = ALIGN (0x4)
                0x20000960                __bss_end__ = .

.heap           0x20000960        0x0
                0x20000960                __HeapBase = .
                0x20000960                __end__ = .
                0x20000960                end = __end__
                0x20000960                _end = __end__
 *(.heap*)
 .heap          0x20000960        0x0 ./CMSIS/EFM32ZG/startup_gcc_efm32zg.o
                0x20000960                __HeapLimit = .

.stack_dummy    0x20000960      0x400
 *(.stack*)
 .stack         0x20000960      0x400 ./CMSIS/EFM32ZG/startup_gcc_efm32zg.o
                0x20001000                __StackTop = (ORIGIN (RAM) + 0x1000)
                0x20000c00                __StackLimit = (__StackTop - SIZEOF (.stack_dummy))
                0x20001000                PROVIDE (__stack, __StackTop)
                0x00000001                ASSERT ((__StackLimit >= __HeapLimit), region RAM overflowed with stack)
                0x00000001                ASSERT ((0x8000 >= (__etext + SIZEOF (.data))), FLASH memory overflowed !)
OUTPUT(STK3200_TSic_glib.axf elf32-littlearm)

.ARM.attributes
                0x00000000       0x28
 .ARM.attributes
                0x00000000       0x1e c:/siliconlabs/simplicitystudio/v4/developer/toolchains/gnu_arm/4.9_2015q3/bin/../lib/gcc/arm-none-eabi/4.9.3/armv6-m/crti.o
 .ARM.attributes
                0x0000001e       0x2c c:/siliconlabs/simplicitystudio/v4/developer/toolchains/gnu_arm/4.9_2015q3/bin/../lib/gcc/arm-none-eabi/4.9.3/armv6-m/crtbegin.o
 .ARM.attributes
                0x0000004a       0x1b c:/siliconlabs/simplicitystudio/v4/developer/toolchains/gnu_arm/4.9_2015q3/bin/../lib/gcc/arm-none-eabi/4.9.3/../../../../arm-none-eabi/lib/armv6-m/crt0.o
 .ARM.attributes
                0x00000065       0x1b ./CMSIS/EFM32ZG/startup_gcc_efm32zg.o
 .ARM.attributes
                0x00000080       0x32 ./CMSIS/EFM32ZG/system_efm32zg.o
 .ARM.attributes
                0x000000b2       0x32 ./Drivers/display.o
 .ARM.attributes
                0x000000e4       0x32 ./Drivers/displayls013b7dh03.o
 .ARM.attributes
                0x00000116       0x32 ./Drivers/displaypalemlib.o
 .ARM.attributes
                0x00000148       0x2b ./Drivers/udelay.o
 .ARM.attributes
                0x00000173       0x32 ./Graphics/dmd_display.o
 .ARM.attributes
                0x000001a5       0x32 ./Graphics/glib.o
 .ARM.attributes
                0x000001d7       0x32 ./Graphics/glib_font_narrow_6x8.o
 .ARM.attributes
                0x00000209       0x32 ./Graphics/glib_font_normal_8x8.o
 .ARM.attributes
                0x0000023b       0x32 ./Graphics/glib_rectangle.o
 .ARM.attributes
                0x0000026d       0x32 ./Graphics/glib_string.o
 .ARM.attributes
                0x0000029f       0x32 ./emlib/em_cmu.o
 .ARM.attributes
                0x000002d1       0x32 ./emlib/em_emu.o
 .ARM.attributes
                0x00000303       0x32 ./emlib/em_gpio.o
 .ARM.attributes
                0x00000335       0x32 ./emlib/em_int.o
 .ARM.attributes
                0x00000367       0x32 ./emlib/em_prs.o
 .ARM.attributes
                0x00000399       0x32 ./emlib/em_rtc.o
 .ARM.attributes
                0x000003cb       0x32 ./emlib/em_timer.o
 .ARM.attributes
                0x000003fd       0x32 ./emlib/em_usart.o
 .ARM.attributes
                0x0000042f       0x32 ./src/disp.o
 .ARM.attributes
                0x00000461       0x32 ./src/main.o
 .ARM.attributes
                0x00000493       0x1e c:/siliconlabs/simplicitystudio/v4/developer/toolchains/gnu_arm/4.9_2015q3/bin/../lib/gcc/arm-none-eabi/4.9.3/armv6-m\libgcc.a(_thumb1_case_uqi.o)
 .ARM.attributes
                0x000004b1       0x1e c:/siliconlabs/simplicitystudio/v4/developer/toolchains/gnu_arm/4.9_2015q3/bin/../lib/gcc/arm-none-eabi/4.9.3/armv6-m\libgcc.a(_udivsi3.o)
 .ARM.attributes
                0x000004cf       0x1e c:/siliconlabs/simplicitystudio/v4/developer/toolchains/gnu_arm/4.9_2015q3/bin/../lib/gcc/arm-none-eabi/4.9.3/armv6-m\libgcc.a(_divsi3.o)
 .ARM.attributes
                0x000004ed       0x1e c:/siliconlabs/simplicitystudio/v4/developer/toolchains/gnu_arm/4.9_2015q3/bin/../lib/gcc/arm-none-eabi/4.9.3/armv6-m\libgcc.a(_dvmd_tls.o)
 .ARM.attributes
                0x0000050b       0x1e c:/siliconlabs/simplicitystudio/v4/developer/toolchains/gnu_arm/4.9_2015q3/bin/../lib/gcc/arm-none-eabi/4.9.3/armv6-m\libgcc.a(_clzsi2.o)
 .ARM.attributes
                0x00000529       0x2c c:/siliconlabs/simplicitystudio/v4/developer/toolchains/gnu_arm/4.9_2015q3/bin/../lib/gcc/arm-none-eabi/4.9.3/armv6-m\libgcc.a(divsf3.o)
 .ARM.attributes
                0x00000555       0x2c c:/siliconlabs/simplicitystudio/v4/developer/toolchains/gnu_arm/4.9_2015q3/bin/../lib/gcc/arm-none-eabi/4.9.3/armv6-m\libgcc.a(mulsf3.o)
 .ARM.attributes
                0x00000581       0x2c c:/siliconlabs/simplicitystudio/v4/developer/toolchains/gnu_arm/4.9_2015q3/bin/../lib/gcc/arm-none-eabi/4.9.3/armv6-m\libgcc.a(subsf3.o)
 .ARM.attributes
                0x000005ad       0x2c c:/siliconlabs/simplicitystudio/v4/developer/toolchains/gnu_arm/4.9_2015q3/bin/../lib/gcc/arm-none-eabi/4.9.3/armv6-m\libgcc.a(fixsfsi.o)
 .ARM.attributes
                0x000005d9       0x2c c:/siliconlabs/simplicitystudio/v4/developer/toolchains/gnu_arm/4.9_2015q3/bin/../lib/gcc/arm-none-eabi/4.9.3/armv6-m\libgcc.a(floatunsisf.o)
 .ARM.attributes
                0x00000605       0x2c c:/siliconlabs/simplicitystudio/v4/developer/toolchains/gnu_arm/4.9_2015q3/bin/../lib/gcc/arm-none-eabi/4.9.3/../../../../arm-none-eabi/lib/armv6-m\libc_nano.a(lib_a-exit.o)
 .ARM.attributes
                0x00000631       0x2c c:/siliconlabs/simplicitystudio/v4/developer/toolchains/gnu_arm/4.9_2015q3/bin/../lib/gcc/arm-none-eabi/4.9.3/../../../../arm-none-eabi/lib/armv6-m\libc_nano.a(lib_a-impure.o)
 .ARM.attributes
                0x0000065d       0x2c c:/siliconlabs/simplicitystudio/v4/developer/toolchains/gnu_arm/4.9_2015q3/bin/../lib/gcc/arm-none-eabi/4.9.3/../../../../arm-none-eabi/lib/armv6-m\libc_nano.a(lib_a-init.o)
 .ARM.attributes
                0x00000689       0x2c c:/siliconlabs/simplicitystudio/v4/developer/toolchains/gnu_arm/4.9_2015q3/bin/../lib/gcc/arm-none-eabi/4.9.3/../../../../arm-none-eabi/lib/armv6-m\libc_nano.a(lib_a-memcpy.o)
 .ARM.attributes
                0x000006b5       0x2c c:/siliconlabs/simplicitystudio/v4/developer/toolchains/gnu_arm/4.9_2015q3/bin/../lib/gcc/arm-none-eabi/4.9.3/../../../../arm-none-eabi/lib/armv6-m\libc_nano.a(lib_a-memset.o)
 .ARM.attributes
                0x000006e1       0x2c c:/siliconlabs/simplicitystudio/v4/developer/toolchains/gnu_arm/4.9_2015q3/bin/../lib/gcc/arm-none-eabi/4.9.3/../../../../arm-none-eabi/lib/armv6-m\libc_nano.a(lib_a-strcpy.o)
 .ARM.attributes
                0x0000070d       0x2c c:/siliconlabs/simplicitystudio/v4/developer/toolchains/gnu_arm/4.9_2015q3/bin/../lib/gcc/arm-none-eabi/4.9.3/../../../../arm-none-eabi/lib/armv6-m\libc_nano.a(lib_a-strlen.o)
 .ARM.attributes
                0x00000739       0x2c c:/siliconlabs/simplicitystudio/v4/developer/toolchains/gnu_arm/4.9_2015q3/bin/../lib/gcc/arm-none-eabi/4.9.3/../../../../arm-none-eabi/lib/armv6-m\libnosys.a(_exit.o)
 .ARM.attributes
                0x00000765       0x2c c:/siliconlabs/simplicitystudio/v4/developer/toolchains/gnu_arm/4.9_2015q3/bin/../lib/gcc/arm-none-eabi/4.9.3/armv6-m/crtend.o
 .ARM.attributes
                0x00000791       0x1e c:/siliconlabs/simplicitystudio/v4/developer/toolchains/gnu_arm/4.9_2015q3/bin/../lib/gcc/arm-none-eabi/4.9.3/armv6-m/crtn.o

.comment        0x00000000       0x70
 .comment       0x00000000       0x70 ./CMSIS/EFM32ZG/system_efm32zg.o
                                 0x71 (size before relaxing)
 .comment       0x00000000       0x71 ./Drivers/display.o
 .comment       0x00000000       0x71 ./Drivers/displayls013b7dh03.o
 .comment       0x00000000       0x71 ./Drivers/displaypalemlib.o
 .comment       0x00000000       0x71 ./Drivers/udelay.o
 .comment       0x00000000       0x71 ./Graphics/dmd_display.o
 .comment       0x00000000       0x71 ./Graphics/glib.o
 .comment       0x00000000       0x71 ./Graphics/glib_font_narrow_6x8.o
 .comment       0x00000000       0x71 ./Graphics/glib_font_normal_8x8.o
 .comment       0x00000000       0x71 ./Graphics/glib_rectangle.o
 .comment       0x00000000       0x71 ./Graphics/glib_string.o
 .comment       0x00000000       0x71 ./emlib/em_cmu.o
 .comment       0x00000000       0x71 ./emlib/em_emu.o
 .comment       0x00000000       0x71 ./emlib/em_gpio.o
 .comment       0x00000000       0x71 ./emlib/em_int.o
 .comment       0x00000000       0x71 ./emlib/em_prs.o
 .comment       0x00000000       0x71 ./emlib/em_rtc.o
 .comment       0x00000000       0x71 ./emlib/em_timer.o
 .comment       0x00000000       0x71 ./emlib/em_usart.o
 .comment       0x00000000       0x71 ./src/disp.o
 .comment       0x00000000       0x71 ./src/main.o

.debug_line     0x00000000     0x488f
 .debug_line    0x00000000       0x74 ./CMSIS/EFM32ZG/startup_gcc_efm32zg.o
 .debug_line    0x00000074      0x280 ./CMSIS/EFM32ZG/system_efm32zg.o
 .debug_line    0x000002f4      0x25d ./Drivers/display.o
 .debug_line    0x00000551      0x327 ./Drivers/displayls013b7dh03.o
 .debug_line    0x00000878      0x4c7 ./Drivers/displaypalemlib.o
 .debug_line    0x00000d3f      0x3ba ./Drivers/udelay.o
 .debug_line    0x000010f9      0x55d ./Graphics/dmd_display.o
 .debug_line    0x00001656      0x382 ./Graphics/glib.o
 .debug_line    0x000019d8      0x18d ./Graphics/glib_font_narrow_6x8.o
 .debug_line    0x00001b65      0x18d ./Graphics/glib_font_normal_8x8.o
 .debug_line    0x00001cf2      0x2c1 ./Graphics/glib_rectangle.o
 .debug_line    0x00001fb3      0x2e6 ./Graphics/glib_string.o
 .debug_line    0x00002299      0x855 ./emlib/em_cmu.o
 .debug_line    0x00002aee      0x3f7 ./emlib/em_emu.o
 .debug_line    0x00002ee5      0x33e ./emlib/em_gpio.o
 .debug_line    0x00003223      0x121 ./emlib/em_int.o
 .debug_line    0x00003344      0x228 ./emlib/em_prs.o
 .debug_line    0x0000356c      0x2b8 ./emlib/em_rtc.o
 .debug_line    0x00003824      0x283 ./emlib/em_timer.o
 .debug_line    0x00003aa7      0x49c ./emlib/em_usart.o
 .debug_line    0x00003f43      0x472 ./src/disp.o
 .debug_line    0x000043b5      0x4da ./src/main.o

.debug_info     0x00000000     0xb7cf
 .debug_info    0x00000000       0xa4 ./CMSIS/EFM32ZG/startup_gcc_efm32zg.o
 .debug_info    0x000000a4      0x46b ./CMSIS/EFM32ZG/system_efm32zg.o
 .debug_info    0x0000050f      0x4b2 ./Drivers/display.o
 .debug_info    0x000009c1      0xaa0 ./Drivers/displayls013b7dh03.o
 .debug_info    0x00001461     0x115f ./Drivers/displaypalemlib.o
 .debug_info    0x000025c0      0xd4c ./Drivers/udelay.o
 .debug_info    0x0000330c      0xc21 ./Graphics/dmd_display.o
 .debug_info    0x00003f2d      0xb55 ./Graphics/glib.o
 .debug_info    0x00004a82      0x19e ./Graphics/glib_font_narrow_6x8.o
 .debug_info    0x00004c20      0x19e ./Graphics/glib_font_normal_8x8.o
 .debug_info    0x00004dbe      0x652 ./Graphics/glib_rectangle.o
 .debug_info    0x00005410      0x6e9 ./Graphics/glib_string.o
 .debug_info    0x00005af9     0x16e5 ./emlib/em_cmu.o
 .debug_info    0x000071de      0x64b ./emlib/em_emu.o
 .debug_info    0x00007829      0x7a1 ./emlib/em_gpio.o
 .debug_info    0x00007fca       0xaf ./emlib/em_int.o
 .debug_info    0x00008079      0x216 ./emlib/em_prs.o
 .debug_info    0x0000828f      0x371 ./emlib/em_rtc.o
 .debug_info    0x00008600      0x5fa ./emlib/em_timer.o
 .debug_info    0x00008bfa      0xf1c ./emlib/em_usart.o
 .debug_info    0x00009b16      0xa11 ./src/disp.o
 .debug_info    0x0000a527     0x12a8 ./src/main.o

.debug_abbrev   0x00000000     0x2cdd
 .debug_abbrev  0x00000000       0x14 ./CMSIS/EFM32ZG/startup_gcc_efm32zg.o
 .debug_abbrev  0x00000014      0x193 ./CMSIS/EFM32ZG/system_efm32zg.o
 .debug_abbrev  0x000001a7      0x158 ./Drivers/display.o
 .debug_abbrev  0x000002ff      0x2a5 ./Drivers/displayls013b7dh03.o
 .debug_abbrev  0x000005a4      0x33f ./Drivers/displaypalemlib.o
 .debug_abbrev  0x000008e3      0x307 ./Drivers/udelay.o
 .debug_abbrev  0x00000bea      0x2ed ./Graphics/dmd_display.o
 .debug_abbrev  0x00000ed7      0x29e ./Graphics/glib.o
 .debug_abbrev  0x00001175       0xa9 ./Graphics/glib_font_narrow_6x8.o
 .debug_abbrev  0x0000121e       0xa9 ./Graphics/glib_font_normal_8x8.o
 .debug_abbrev  0x000012c7      0x196 ./Graphics/glib_rectangle.o
 .debug_abbrev  0x0000145d      0x1d6 ./Graphics/glib_string.o
 .debug_abbrev  0x00001633      0x40b ./emlib/em_cmu.o
 .debug_abbrev  0x00001a3e      0x20c ./emlib/em_emu.o
 .debug_abbrev  0x00001c4a      0x2dc ./emlib/em_gpio.o
 .debug_abbrev  0x00001f26       0x44 ./emlib/em_int.o
 .debug_abbrev  0x00001f6a       0xe3 ./emlib/em_prs.o
 .debug_abbrev  0x0000204d      0x1eb ./emlib/em_rtc.o
 .debug_abbrev  0x00002238      0x149 ./emlib/em_timer.o
 .debug_abbrev  0x00002381      0x2a3 ./emlib/em_usart.o
 .debug_abbrev  0x00002624      0x243 ./src/disp.o
 .debug_abbrev  0x00002867      0x476 ./src/main.o

.debug_aranges  0x00000000      0x728
 .debug_aranges
                0x00000000       0x20 ./CMSIS/EFM32ZG/startup_gcc_efm32zg.o
 .debug_aranges
                0x00000020       0x68 ./CMSIS/EFM32ZG/system_efm32zg.o
 .debug_aranges
                0x00000088       0x38 ./Drivers/display.o
 .debug_aranges
                0x000000c0       0x58 ./Drivers/displayls013b7dh03.o
 .debug_aranges
                0x00000118       0x80 ./Drivers/displaypalemlib.o
 .debug_aranges
                0x00000198       0x28 ./Drivers/udelay.o
 .debug_aranges
                0x000001c0       0x88 ./Graphics/dmd_display.o
 .debug_aranges
                0x00000248       0x78 ./Graphics/glib.o
 .debug_aranges
                0x000002c0       0x18 ./Graphics/glib_font_narrow_6x8.o
 .debug_aranges
                0x000002d8       0x18 ./Graphics/glib_font_normal_8x8.o
 .debug_aranges
                0x000002f0       0x38 ./Graphics/glib_rectangle.o
 .debug_aranges
                0x00000328       0x30 ./Graphics/glib_string.o
 .debug_aranges
                0x00000358      0x108 ./emlib/em_cmu.o
 .debug_aranges
                0x00000460       0x50 ./emlib/em_emu.o
 .debug_aranges
                0x000004b0       0x48 ./emlib/em_gpio.o
 .debug_aranges
                0x000004f8       0x18 ./emlib/em_int.o
 .debug_aranges
                0x00000510       0x28 ./emlib/em_prs.o
 .debug_aranges
                0x00000538       0x50 ./emlib/em_rtc.o
 .debug_aranges
                0x00000588       0x30 ./emlib/em_timer.o
 .debug_aranges
                0x000005b8       0xb8 ./emlib/em_usart.o
 .debug_aranges
                0x00000670       0x50 ./src/disp.o
 .debug_aranges
                0x000006c0       0x68 ./src/main.o

.debug_loc      0x00000000     0x5b08
 .debug_loc     0x00000000      0x104 ./CMSIS/EFM32ZG/system_efm32zg.o
 .debug_loc     0x00000104      0x250 ./Drivers/display.o
 .debug_loc     0x00000354      0x599 ./Drivers/displayls013b7dh03.o
 .debug_loc     0x000008ed      0x43c ./Drivers/displaypalemlib.o
 .debug_loc     0x00000d29      0x2fb ./Drivers/udelay.o
 .debug_loc     0x00001024      0xcf3 ./Graphics/dmd_display.o
 .debug_loc     0x00001d17      0x8e3 ./Graphics/glib.o
 .debug_loc     0x000025fa      0x589 ./Graphics/glib_rectangle.o
 .debug_loc     0x00002b83      0x525 ./Graphics/glib_string.o
 .debug_loc     0x000030a8     0x1474 ./emlib/em_cmu.o
 .debug_loc     0x0000451c      0x178 ./emlib/em_emu.o
 .debug_loc     0x00004694      0x392 ./emlib/em_gpio.o
 .debug_loc     0x00004a26      0x121 ./emlib/em_prs.o
 .debug_loc     0x00004b47      0x10c ./emlib/em_rtc.o
 .debug_loc     0x00004c53       0xe8 ./emlib/em_timer.o
 .debug_loc     0x00004d3b      0x6c4 ./emlib/em_usart.o
 .debug_loc     0x000053ff      0x261 ./src/disp.o
 .debug_loc     0x00005660      0x4a8 ./src/main.o

.debug_ranges   0x00000000      0x978
 .debug_ranges  0x00000000       0x70 ./CMSIS/EFM32ZG/system_efm32zg.o
 .debug_ranges  0x00000070       0x28 ./Drivers/display.o
 .debug_ranges  0x00000098       0x48 ./Drivers/displayls013b7dh03.o
 .debug_ranges  0x000000e0       0xd8 ./Drivers/displaypalemlib.o
 .debug_ranges  0x000001b8       0x38 ./Drivers/udelay.o
 .debug_ranges  0x000001f0       0x90 ./Graphics/dmd_display.o
 .debug_ranges  0x00000280       0x80 ./Graphics/glib.o
 .debug_ranges  0x00000300       0x28 ./Graphics/glib_rectangle.o
 .debug_ranges  0x00000328       0x38 ./Graphics/glib_string.o
 .debug_ranges  0x00000360      0x238 ./emlib/em_cmu.o
 .debug_ranges  0x00000598       0x70 ./emlib/em_emu.o
 .debug_ranges  0x00000608      0x100 ./emlib/em_gpio.o
 .debug_ranges  0x00000708       0x18 ./emlib/em_prs.o
 .debug_ranges  0x00000720       0x58 ./emlib/em_rtc.o
 .debug_ranges  0x00000778       0x20 ./emlib/em_timer.o
 .debug_ranges  0x00000798       0xc8 ./emlib/em_usart.o
 .debug_ranges  0x00000860       0x58 ./src/disp.o
 .debug_ranges  0x000008b8       0xc0 ./src/main.o

.debug_str      0x00000000     0x324c
 .debug_str     0x00000000      0x386 ./CMSIS/EFM32ZG/system_efm32zg.o
                                0x3ea (size before relaxing)
 .debug_str     0x00000386      0x2be ./Drivers/display.o
                                0x46a (size before relaxing)
 .debug_str     0x00000644      0x1b6 ./Drivers/displayls013b7dh03.o
                                0x5a6 (size before relaxing)
 .debug_str     0x000007fa      0x999 ./Drivers/displaypalemlib.o
                                0xc99 (size before relaxing)
 .debug_str     0x00001193      0x338 ./Drivers/udelay.o
                                0x8fc (size before relaxing)
 .debug_str     0x000014cb      0x2fc ./Graphics/dmd_display.o
                                0x688 (size before relaxing)
 .debug_str     0x000017c7      0x29c ./Graphics/glib.o
                                0x5ca (size before relaxing)
 .debug_str     0x00001a63       0x4f ./Graphics/glib_font_narrow_6x8.o
                                0x2dd (size before relaxing)
 .debug_str     0x00001ab2       0x3c ./Graphics/glib_font_normal_8x8.o
                                0x2dd (size before relaxing)
 .debug_str     0x00001aee       0x82 ./Graphics/glib_rectangle.o
                                0x4c9 (size before relaxing)
 .debug_str     0x00001b70       0xae ./Graphics/glib_string.o
                                0x4bd (size before relaxing)
 .debug_str     0x00001c1e      0x5ae ./emlib/em_cmu.o
                                0xc50 (size before relaxing)
 .debug_str     0x000021cc      0x13d ./emlib/em_emu.o
                                0x448 (size before relaxing)
 .debug_str     0x00002309      0x12a ./emlib/em_gpio.o
                                0x5d9 (size before relaxing)
 .debug_str     0x00002433       0x12 ./emlib/em_int.o
                                0x1e3 (size before relaxing)
 .debug_str     0x00002445       0x69 ./emlib/em_prs.o
                                0x29a (size before relaxing)
 .debug_str     0x000024ae       0x38 ./emlib/em_rtc.o
                                0x2c4 (size before relaxing)
 .debug_str     0x000024e6      0x4c6 ./emlib/em_timer.o
                                0x6d1 (size before relaxing)
 .debug_str     0x000029ac      0x56c ./emlib/em_usart.o
                                0xc16 (size before relaxing)
 .debug_str     0x00002f18      0x14b ./src/disp.o
                                0x5d3 (size before relaxing)
 .debug_str     0x00003063      0x1e9 ./src/main.o
                                0xcf5 (size before relaxing)

.debug_frame    0x00000000     0x11f4
 .debug_frame   0x00000000       0xc8 ./CMSIS/EFM32ZG/system_efm32zg.o
 .debug_frame   0x000000c8       0x74 ./Drivers/display.o
 .debug_frame   0x0000013c       0xe0 ./Drivers/displayls013b7dh03.o
 .debug_frame   0x0000021c      0x138 ./Drivers/displaypalemlib.o
 .debug_frame   0x00000354       0x40 ./Drivers/udelay.o
 .debug_frame   0x00000394      0x178 ./Graphics/dmd_display.o
 .debug_frame   0x0000050c      0x160 ./Graphics/glib.o
 .debug_frame   0x0000066c       0x7c ./Graphics/glib_rectangle.o
 .debug_frame   0x000006e8       0x68 ./Graphics/glib_string.o
 .debug_frame   0x00000750      0x29c ./emlib/em_cmu.o
 .debug_frame   0x000009ec       0xa0 ./emlib/em_emu.o
 .debug_frame   0x00000a8c       0x94 ./emlib/em_gpio.o
 .debug_frame   0x00000b20       0x38 ./emlib/em_prs.o
 .debug_frame   0x00000b58       0x88 ./emlib/em_rtc.o
 .debug_frame   0x00000be0       0x58 ./emlib/em_timer.o
 .debug_frame   0x00000c38      0x1b4 ./emlib/em_usart.o
 .debug_frame   0x00000dec       0xcc ./src/disp.o
 .debug_frame   0x00000eb8      0x110 ./src/main.o
 .debug_frame   0x00000fc8       0x20 c:/siliconlabs/simplicitystudio/v4/developer/toolchains/gnu_arm/4.9_2015q3/bin/../lib/gcc/arm-none-eabi/4.9.3/armv6-m\libgcc.a(_udivsi3.o)
 .debug_frame   0x00000fe8       0x20 c:/siliconlabs/simplicitystudio/v4/developer/toolchains/gnu_arm/4.9_2015q3/bin/../lib/gcc/arm-none-eabi/4.9.3/armv6-m\libgcc.a(_divsi3.o)
 .debug_frame   0x00001008       0x3c c:/siliconlabs/simplicitystudio/v4/developer/toolchains/gnu_arm/4.9_2015q3/bin/../lib/gcc/arm-none-eabi/4.9.3/armv6-m\libgcc.a(divsf3.o)
 .debug_frame   0x00001044       0x3c c:/siliconlabs/simplicitystudio/v4/developer/toolchains/gnu_arm/4.9_2015q3/bin/../lib/gcc/arm-none-eabi/4.9.3/armv6-m\libgcc.a(mulsf3.o)
 .debug_frame   0x00001080       0x30 c:/siliconlabs/simplicitystudio/v4/developer/toolchains/gnu_arm/4.9_2015q3/bin/../lib/gcc/arm-none-eabi/4.9.3/armv6-m\libgcc.a(subsf3.o)
 .debug_frame   0x000010b0       0x20 c:/siliconlabs/simplicitystudio/v4/developer/toolchains/gnu_arm/4.9_2015q3/bin/../lib/gcc/arm-none-eabi/4.9.3/armv6-m\libgcc.a(fixsfsi.o)
 .debug_frame   0x000010d0       0x28 c:/siliconlabs/simplicitystudio/v4/developer/toolchains/gnu_arm/4.9_2015q3/bin/../lib/gcc/arm-none-eabi/4.9.3/armv6-m\libgcc.a(floatunsisf.o)
 .debug_frame   0x000010f8       0x28 c:/siliconlabs/simplicitystudio/v4/developer/toolchains/gnu_arm/4.9_2015q3/bin/../lib/gcc/arm-none-eabi/4.9.3/../../../../arm-none-eabi/lib/armv6-m\libc_nano.a(lib_a-exit.o)
 .debug_frame   0x00001120       0x2c c:/siliconlabs/simplicitystudio/v4/developer/toolchains/gnu_arm/4.9_2015q3/bin/../lib/gcc/arm-none-eabi/4.9.3/../../../../arm-none-eabi/lib/armv6-m\libc_nano.a(lib_a-init.o)
 .debug_frame   0x0000114c       0x28 c:/siliconlabs/simplicitystudio/v4/developer/toolchains/gnu_arm/4.9_2015q3/bin/../lib/gcc/arm-none-eabi/4.9.3/../../../../arm-none-eabi/lib/armv6-m\libc_nano.a(lib_a-memcpy.o)
 .debug_frame   0x00001174       0x20 c:/siliconlabs/simplicitystudio/v4/developer/toolchains/gnu_arm/4.9_2015q3/bin/../lib/gcc/arm-none-eabi/4.9.3/../../../../arm-none-eabi/lib/armv6-m\libc_nano.a(lib_a-memset.o)
 .debug_frame   0x00001194       0x20 c:/siliconlabs/simplicitystudio/v4/developer/toolchains/gnu_arm/4.9_2015q3/bin/../lib/gcc/arm-none-eabi/4.9.3/../../../../arm-none-eabi/lib/armv6-m\libc_nano.a(lib_a-strcpy.o)
 .debug_frame   0x000011b4       0x20 c:/siliconlabs/simplicitystudio/v4/developer/toolchains/gnu_arm/4.9_2015q3/bin/../lib/gcc/arm-none-eabi/4.9.3/../../../../arm-none-eabi/lib/armv6-m\libc_nano.a(lib_a-strlen.o)
 .debug_frame   0x000011d4       0x20 c:/siliconlabs/simplicitystudio/v4/developer/toolchains/gnu_arm/4.9_2015q3/bin/../lib/gcc/arm-none-eabi/4.9.3/../../../../arm-none-eabi/lib/armv6-m\libnosys.a(_exit.o)
